Component: ARM Compiler 6.16 Tool: armlink [5dfeaa00]

==============================================================================

Section Cross References

    main.o(.text.LED_Task) refers to tasks.o(.text.xTaskGetTickCount) for xTaskGetTickCount
    main.o(.text.LED_Task) refers to led.o(.text.toggleLed) for toggleLed
    main.o(.text.LED_Task) refers to tasks.o(.text.xTaskDelayUntil) for xTaskDelayUntil
    main.o(.ARM.exidx.text.LED_Task) refers to main.o(.text.LED_Task) for [Anonymous Symbol]
    main.o(.text.main) refers to led.o(.text.initLED) for initLED
    main.o(.text.main) refers to main.o(.text.LED_Task) for LED_Task
    main.o(.text.main) refers to tasks.o(.text.xTaskCreate) for xTaskCreate
    main.o(.text.main) refers to tasks.o(.text.vTaskStartScheduler) for vTaskStartScheduler
    main.o(.ARM.exidx.text.main) refers to main.o(.text.main) for [Anonymous Symbol]
    event_groups.o(.text.xEventGroupCreate) refers to heap_1.o(.text.pvPortMalloc) for pvPortMalloc
    event_groups.o(.text.xEventGroupCreate) refers to list.o(.text.vListInitialise) for vListInitialise
    event_groups.o(.ARM.exidx.text.xEventGroupCreate) refers to event_groups.o(.text.xEventGroupCreate) for [Anonymous Symbol]
    event_groups.o(.text.xEventGroupSync) refers to tasks.o(.text.xTaskGetSchedulerState) for xTaskGetSchedulerState
    event_groups.o(.text.xEventGroupSync) refers to tasks.o(.text.vTaskSuspendAll) for vTaskSuspendAll
    event_groups.o(.text.xEventGroupSync) refers to event_groups.o(.text.xEventGroupSetBits) for xEventGroupSetBits
    event_groups.o(.text.xEventGroupSync) refers to tasks.o(.text.vTaskPlaceOnUnorderedEventList) for vTaskPlaceOnUnorderedEventList
    event_groups.o(.text.xEventGroupSync) refers to tasks.o(.text.xTaskResumeAll) for xTaskResumeAll
    event_groups.o(.text.xEventGroupSync) refers to tasks.o(.text.uxTaskResetEventItemValue) for uxTaskResetEventItemValue
    event_groups.o(.text.xEventGroupSync) refers to port.o(.text.vPortEnterCritical) for vPortEnterCritical
    event_groups.o(.text.xEventGroupSync) refers to port.o(.text.vPortExitCritical) for vPortExitCritical
    event_groups.o(.ARM.exidx.text.xEventGroupSync) refers to event_groups.o(.text.xEventGroupSync) for [Anonymous Symbol]
    event_groups.o(.text.xEventGroupSetBits) refers to tasks.o(.text.vTaskSuspendAll) for vTaskSuspendAll
    event_groups.o(.text.xEventGroupSetBits) refers to tasks.o(.text.xTaskResumeAll) for xTaskResumeAll
    event_groups.o(.text.xEventGroupSetBits) refers to tasks.o(.text.vTaskRemoveFromUnorderedEventList) for vTaskRemoveFromUnorderedEventList
    event_groups.o(.ARM.exidx.text.xEventGroupSetBits) refers to event_groups.o(.text.xEventGroupSetBits) for [Anonymous Symbol]
    event_groups.o(.text.xEventGroupWaitBits) refers to tasks.o(.text.xTaskGetSchedulerState) for xTaskGetSchedulerState
    event_groups.o(.text.xEventGroupWaitBits) refers to tasks.o(.text.vTaskSuspendAll) for vTaskSuspendAll
    event_groups.o(.text.xEventGroupWaitBits) refers to event_groups.o(.text.prvTestWaitCondition) for prvTestWaitCondition
    event_groups.o(.text.xEventGroupWaitBits) refers to tasks.o(.text.vTaskPlaceOnUnorderedEventList) for vTaskPlaceOnUnorderedEventList
    event_groups.o(.text.xEventGroupWaitBits) refers to tasks.o(.text.xTaskResumeAll) for xTaskResumeAll
    event_groups.o(.text.xEventGroupWaitBits) refers to tasks.o(.text.uxTaskResetEventItemValue) for uxTaskResetEventItemValue
    event_groups.o(.text.xEventGroupWaitBits) refers to port.o(.text.vPortEnterCritical) for vPortEnterCritical
    event_groups.o(.text.xEventGroupWaitBits) refers to port.o(.text.vPortExitCritical) for vPortExitCritical
    event_groups.o(.ARM.exidx.text.xEventGroupWaitBits) refers to event_groups.o(.text.xEventGroupWaitBits) for [Anonymous Symbol]
    event_groups.o(.ARM.exidx.text.prvTestWaitCondition) refers to event_groups.o(.text.prvTestWaitCondition) for [Anonymous Symbol]
    event_groups.o(.text.xEventGroupClearBits) refers to port.o(.text.vPortEnterCritical) for vPortEnterCritical
    event_groups.o(.text.xEventGroupClearBits) refers to port.o(.text.vPortExitCritical) for vPortExitCritical
    event_groups.o(.ARM.exidx.text.xEventGroupClearBits) refers to event_groups.o(.text.xEventGroupClearBits) for [Anonymous Symbol]
    event_groups.o(.ARM.exidx.text.xEventGroupGetBitsFromISR) refers to event_groups.o(.text.xEventGroupGetBitsFromISR) for [Anonymous Symbol]
    event_groups.o(.text.vEventGroupDelete) refers to tasks.o(.text.vTaskSuspendAll) for vTaskSuspendAll
    event_groups.o(.text.vEventGroupDelete) refers to tasks.o(.text.vTaskRemoveFromUnorderedEventList) for vTaskRemoveFromUnorderedEventList
    event_groups.o(.text.vEventGroupDelete) refers to heap_1.o(.text.vPortFree) for vPortFree
    event_groups.o(.text.vEventGroupDelete) refers to tasks.o(.text.xTaskResumeAll) for xTaskResumeAll
[...]
    Removing tasks.o(.ARM.exidx.text.vTaskPlaceOnUnorderedEventList), (8 bytes).
    Removing tasks.o(.ARM.exidx.text.vTaskPlaceOnEventListRestricted), (8 bytes).
    Removing tasks.o(.ARM.exidx.text.xTaskRemoveFromEventList), (8 bytes).
    Removing tasks.o(.text.vTaskRemoveFromUnorderedEventList), (238 bytes).
    Removing tasks.o(.ARM.exidx.text.vTaskRemoveFromUnorderedEventList), (8 bytes).
    Removing tasks.o(.text.vTaskSetTimeOutState), (58 bytes).
    Removing tasks.o(.ARM.exidx.text.vTaskSetTimeOutState), (8 bytes).
    Removing tasks.o(.ARM.exidx.text.vTaskInternalSetTimeOutState), (8 bytes).
    Removing tasks.o(.ARM.exidx.text.xTaskCheckForTimeOut), (8 bytes).
    Removing tasks.o(.ARM.exidx.text.vTaskMissedYield), (8 bytes).
    Removing tasks.o(.text.xTaskGetCurrentTaskHandle), (12 bytes).
    Removing tasks.o(.ARM.exidx.text.xTaskGetCurrentTaskHandle), (8 bytes).
    Removing tasks.o(.ARM.exidx.text.xTaskGetSchedulerState), (8 bytes).
    Removing tasks.o(.text.xTaskPriorityInherit), (190 bytes).
    Removing tasks.o(.ARM.exidx.text.xTaskPriorityInherit), (8 bytes).
    Removing tasks.o(.ARM.exidx.text.xTaskPriorityDisinherit), (8 bytes).
    Removing tasks.o(.text.vTaskPriorityDisinheritAfterTimeout), (206 bytes).
    Removing tasks.o(.ARM.exidx.text.vTaskPriorityDisinheritAfterTimeout), (8 bytes).
    Removing tasks.o(.text.uxTaskResetEventItemValue), (26 bytes).
    Removing tasks.o(.ARM.exidx.text.uxTaskResetEventItemValue), (8 bytes).
    Removing tasks.o(.text.pvTaskIncrementMutexHeldCount), (24 bytes).
    Removing tasks.o(.ARM.exidx.text.pvTaskIncrementMutexHeldCount), (8 bytes).
    Removing tasks.o(.text.ulTaskGenericNotifyTake), (150 bytes).
    Removing tasks.o(.ARM.exidx.text.ulTaskGenericNotifyTake), (8 bytes).
    Removing tasks.o(.text.xTaskGenericNotifyWait), (194 bytes).
    Removing tasks.o(.ARM.exidx.text.xTaskGenericNotifyWait), (8 bytes).
    Removing tasks.o(.text.xTaskGenericNotify), (358 bytes).
    Removing tasks.o(.ARM.exidx.text.xTaskGenericNotify), (8 bytes).
    Removing tasks.o(.text.xTaskGenericNotifyFromISR), (402 bytes).
    Removing tasks.o(.ARM.exidx.text.xTaskGenericNotifyFromISR), (8 bytes).
    Removing tasks.o(.text.vTaskGenericNotifyGiveFromISR), (304 bytes).
    Removing tasks.o(.ARM.exidx.text.vTaskGenericNotifyGiveFromISR), (8 bytes).
    Removing tasks.o(.text.xTaskGenericNotifyStateClear), (66 bytes).
    Removing tasks.o(.ARM.exidx.text.xTaskGenericNotifyStateClear), (8 bytes).
    Removing tasks.o(.text.ulTaskGenericNotifyValueClear), (44 bytes).
    Removing tasks.o(.ARM.exidx.text.ulTaskGenericNotifyValueClear), (8 bytes).
    Removing tasks.o(.ARM.exidx.text.prvInitialiseTaskLists), (8 bytes).
    Removing tasks.o(.ARM.exidx.text.prvCheckTasksWaitingTermination), (8 bytes).
    Removing timers.o(.text), (0 bytes).
    Removing timers.o(.ARM.exidx.text.xTimerCreateTimerTask), (8 bytes).
    Removing timers.o(.ARM.exidx.text.prvCheckForValidListAndQueue), (8 bytes).
    Removing timers.o(.ARM.exidx.text.prvTimerTask), (8 bytes).
    Removing timers.o(.text.xTimerCreate), (56 bytes).
    Removing timers.o(.ARM.exidx.text.xTimerCreate), (8 bytes).
    Removing timers.o(.text.prvInitialiseNewTimer), (82 bytes).
    Removing timers.o(.ARM.exidx.text.prvInitialiseNewTimer), (8 bytes).
    Removing timers.o(.text.xTimerGenericCommand), (104 bytes).
    Removing timers.o(.ARM.exidx.text.xTimerGenericCommand), (8 bytes).
    Removing timers.o(.text.xTimerGetTimerDaemonTaskHandle), (34 bytes).
    Removing timers.o(.ARM.exidx.text.xTimerGetTimerDaemonTaskHandle), (8 bytes).
    Removing timers.o(.text.xTimerGetPeriod), (26 bytes).
    Removing timers.o(.ARM.exidx.text.xTimerGetPeriod), (8 bytes).
    Removing timers.o(.text.vTimerSetReloadMode), (58 bytes).
    Removing timers.o(.ARM.exidx.text.vTimerSetReloadMode), (8 bytes).
    Removing timers.o(.text.uxTimerGetReloadMode), (46 bytes).
    Removing timers.o(.ARM.exidx.text.uxTimerGetReloadMode), (8 bytes).
    Removing timers.o(.text.xTimerGetExpiryTime), (26 bytes).
    Removing timers.o(.ARM.exidx.text.xTimerGetExpiryTime), (8 bytes).
    Removing timers.o(.text.pcTimerGetName), (26 bytes).
    Removing timers.o(.ARM.exidx.text.pcTimerGetName), (8 bytes).
    Removing timers.o(.text.xTimerIsTimerActive), (46 bytes).
    Removing timers.o(.ARM.exidx.text.xTimerIsTimerActive), (8 bytes).
    Removing timers.o(.text.pvTimerGetTimerID), (38 bytes).
    Removing timers.o(.ARM.exidx.text.pvTimerGetTimerID), (8 bytes).
    Removing timers.o(.text.vTimerSetTimerID), (38 bytes).
    Removing timers.o(.ARM.exidx.text.vTimerSetTimerID), (8 bytes).
    Removing timers.o(.ARM.exidx.text.prvGetNextExpireTime), (8 bytes).
    Removing timers.o(.ARM.exidx.text.prvProcessTimerOrBlockTask), (8 bytes).
    Removing timers.o(.ARM.exidx.text.prvProcessReceivedCommands), (8 bytes).
    Removing timers.o(.ARM.exidx.text.prvSampleTimeNow), (8 bytes).
    Removing timers.o(.ARM.exidx.text.prvProcessExpiredTimer), (8 bytes).
    Removing timers.o(.ARM.exidx.text.prvSwitchTimerLists), (8 bytes).
    Removing timers.o(.ARM.exidx.text.prvReloadTimer), (8 bytes).
    Removing timers.o(.ARM.exidx.text.prvInsertTimerInActiveList), (8 bytes).
    Removing heap_1.o(.text), (0 bytes).
    Removing heap_1.o(.ARM.exidx.text.pvPortMalloc), (8 bytes).
    Removing heap_1.o(.ARM.exidx.text.vPortFree), (8 bytes).
    Removing heap_1.o(.text.vPortInitialiseBlocks), (14 bytes).
    Removing heap_1.o(.ARM.exidx.text.vPortInitialiseBlocks), (8 bytes).
    Removing heap_1.o(.text.xPortGetFreeHeapSize), (18 bytes).
    Removing heap_1.o(.ARM.exidx.text.xPortGetFreeHeapSize), (8 bytes).
    Removing port.o(.text), (0 bytes).
    Removing port.o(.ARM.exidx.text.pxPortInitialiseStack), (8 bytes).
    Removing port.o(.ARM.exidx.text.prvTaskExitError), (8 bytes).
    Removing port.o(.ARM.exidx.text.SVC_Handler), (8 bytes).
    Removing port.o(.ARM.exidx.text.xPortStartScheduler), (8 bytes).
    Removing port.o(.ARM.exidx.text.vPortSetupTimerInterrupt), (8 bytes).
    Removing port.o(.ARM.exidx.text.vPortEnableVFP), (8 bytes).
    Removing port.o(.ARM.exidx.text.prvPortStartFirstTask), (8 bytes).
    Removing port.o(.text.vPortEndScheduler), (38 bytes).
    Removing port.o(.ARM.exidx.text.vPortEndScheduler), (8 bytes).
    Removing port.o(.ARM.exidx.text.vPortEnterCritical), (8 bytes).
    Removing port.o(.ARM.exidx.text.vPortExitCritical), (8 bytes).
    Removing port.o(.ARM.exidx.text.PendSV_Handler), (8 bytes).
    Removing port.o(.ARM.exidx.text.SysTick_Handler), (8 bytes).
    Removing port.o(.text.vPortValidateInterruptPriority), (98 bytes).
    Removing port.o(.ARM.exidx.text.vPortValidateInterruptPriority), (8 bytes).
    Removing dio.o(.text), (0 bytes).
    Removing dio.o(.text.Dio_WriteChannel), (198 bytes).
    Removing dio.o(.ARM.exidx.text.Dio_WriteChannel), (8 bytes).
    Removing dio.o(.text.Dio_ReadChannel), (134 bytes).
    Removing dio.o(.ARM.exidx.text.Dio_ReadChannel), (8 bytes).
    Removing dio.o(.ARM.exidx.text.Dio_FlipChannel), (8 bytes).
    Removing dio.o(.text.Dio_ReadPort), (80 bytes).
    Removing dio.o(.ARM.exidx.text.Dio_ReadPort), (8 bytes).
    Removing dio.o(.text.Dio_WritePort), (84 bytes).
    Removing dio.o(.ARM.exidx.text.Dio_WritePort), (8 bytes).
    Removing port_1.o(.text), (0 bytes).
    Removing port_1.o(.ARM.exidx.text.Port_Init), (8 bytes).
    Removing dio_lcfg.o(.text), (0 bytes).
    Removing port_lcfg.o(.text), (0 bytes).
    Removing led.o(.text), (0 bytes).
    Removing led.o(.ARM.exidx.text.initLED), (8 bytes).
    Removing led.o(.text.LedOn), (10 bytes).
    Removing led.o(.ARM.exidx.text.LedOn), (8 bytes).
    Removing led.o(.text.LedOff), (10 bytes).
    Removing led.o(.ARM.exidx.text.LedOff), (8 bytes).
    Removing led.o(.ARM.exidx.text.toggleLed), (8 bytes).
    Removing system_tm4c123.o(.text), (0 bytes).
    Removing system_tm4c123.o(.text.SystemCoreClockUpdate), (132 bytes).
    Removing system_tm4c123.o(.ARM.exidx.text.SystemCoreClockUpdate), (8 bytes).
    Removing system_tm4c123.o(.text.getOscClk), (56 bytes).
    Removing system_tm4c123.o(.ARM.exidx.text.getOscClk), (8 bytes).
    Removing system_tm4c123.o(.ARM.exidx.text.SystemInit), (8 bytes).
    Removing system_tm4c123.o(.rodata..Lswitch.table.getOscClk), (92 bytes).

266 unused section(s) (total 10622 bytes) removed from the image.

==============================================================================

Image Symbol Table

    Local Symbols

    Symbol Name                              Value     Ov Type        Size  Object(Section)

    ../clib/angel/boardlib.s                 0x00000000   Number         0  boardinit1.o ABSOLUTE
    ../clib/angel/boardlib.s                 0x00000000   Number         0  boardinit2.o ABSOLUTE
    ../clib/angel/boardlib.s                 0x00000000   Number         0  boardinit3.o ABSOLUTE
    ../clib/angel/boardlib.s                 0x00000000   Number         0  boardshut.o ABSOLUTE
    ../clib/angel/handlers.s                 0x00000000   Number         0  __scatter_copy.o ABSOLUTE
    ../clib/angel/handlers.s                 0x00000000   Number         0  __scatter_zi.o ABSOLUTE
    ../clib/angel/kernel.s                   0x00000000   Number         0  __rtentry.o ABSOLUTE
    ../clib/angel/kernel.s                   0x00000000   Number         0  __rtentry2.o ABSOLUTE
    ../clib/angel/kernel.s                   0x00000000   Number         0  __rtentry4.o ABSOLUTE
    ../clib/angel/kernel.s                   0x00000000   Number         0  rtexit.o ABSOLUTE
    ../clib/angel/kernel.s                   0x00000000   Number         0  rtexit2.o ABSOLUTE
    ../clib/angel/rt.s                       0x00000000   Number         0  rt_raise.o ABSOLUTE
    ../clib/angel/scatter.s                  0x00000000   Number         0  __scatter.o ABSOLUTE
    ../clib/angel/startup.s                  0x00000000   Number         0  __main.o ABSOLUTE
    ../clib/angel/sys.s                      0x00000000   Number         0  sys_stackheap_outer.o ABSOLUTE
    ../clib/angel/sys.s                      0x00000000   Number         0  libspace.o ABSOLUTE
    ../clib/angel/sys.s                      0x00000000   Number         0  use_no_semi.o ABSOLUTE
    ../clib/angel/sys.s                      0x00000000   Number         0  indicate_semi.o ABSOLUTE
    ../clib/angel/sysapp.c                   0x00000000   Number         0  sys_exit.o ABSOLUTE
    ../clib/angel/sysapp.c                   0x00000000   Number         0  sys_exit_hlt.o ABSOLUTE
    ../clib/angel/sysapp.c                   0x00000000   Number         0  sys_command.o ABSOLUTE
    ../clib/angel/sysapp.c                   0x00000000   Number         0  sys_command_hlt.o ABSOLUTE
    ../clib/angel/sysapp.c                   0x00000000   Number         0  sys_wrch.o ABSOLUTE
    ../clib/angel/sysapp.c                   0x00000000   Number         0  sys_wrch_hlt.o ABSOLUTE
    ../clib/armsys.c                         0x00000000   Number         0  argv_veneer.o ABSOLUTE
    ../clib/armsys.c                         0x00000000   Number         0  argv_veneer.o ABSOLUTE
    ../clib/armsys.c                         0x00000000   Number         0  _get_argv_nomalloc.o ABSOLUTE
    ../clib/armsys.c                         0x00000000   Number         0  no_argv.o ABSOLUTE
    ../clib/heapalloc.c                      0x00000000   Number         0  hrguard.o ABSOLUTE
    ../clib/heapaux.c                        0x00000000   Number         0  heapauxi.o ABSOLUTE
    ../clib/libinit.s                        0x00000000   Number         0  libinit.o ABSOLUTE
    ../clib/libinit.s                        0x00000000   Number         0  libinit2.o ABSOLUTE
    ../clib/libinit.s                        0x00000000   Number         0  libshutdown.o ABSOLUTE
    ../clib/libinit.s                        0x00000000   Number         0  libshutdown2.o ABSOLUTE
    ../clib/memcpset.s                       0x00000000   Number         0  rt_memcpy_v6.o ABSOLUTE
    ../clib/memcpset.s                       0x00000000   Number         0  rt_memcpy_w.o ABSOLUTE
    ../clib/signal.c                         0x00000000   Number         0  defsig_rtmem_outer.o ABSOLUTE
    ../clib/signal.c                         0x00000000   Number         0  defsig_rtmem_formal.o ABSOLUTE
    ../clib/signal.c                         0x00000000   Number         0  defsig_exit.o ABSOLUTE
    ../clib/signal.c                         0x00000000   Number         0  defsig_rtmem_inner.o ABSOLUTE
    ../clib/signal.c                         0x00000000   Number         0  __raise.o ABSOLUTE
    ../clib/signal.c                         0x00000000   Number         0  defsig_general.o ABSOLUTE
    ../clib/signal.c                         0x00000000   Number         0  defsig_abrt_inner.o ABSOLUTE
    ../clib/signal.c                         0x00000000   Number         0  defsig_fpe_inner.o ABSOLUTE
    ../clib/signal.c                         0x00000000   Number         0  defsig_rtred_inner.o ABSOLUTE
    ../clib/signal.c                         0x00000000   Number         0  defsig_stak_inner.o ABSOLUTE
    ../clib/signal.c                         0x00000000   Number         0  defsig_pvfn_inner.o ABSOLUTE
    ../clib/signal.c                         0x00000000   Number         0  defsig_cppl_inner.o ABSOLUTE
    ../clib/signal.c                         0x00000000   Number         0  defsig_segv_inner.o ABSOLUTE
    ../clib/signal.c                         0x00000000   Number         0  defsig_other.o ABSOLUTE
    ../clib/signal.s                         0x00000000   Number         0  defsig.o ABSOLUTE
    ../clib/stdlib.c                         0x00000000   Number         0  exit.o ABSOLUTE
    ../fplib/fpinit.s                        0x00000000   Number         0  fpinit.o ABSOLUTE
    Dio.c                                    0x00000000   Number         0  dio.o ABSOLUTE
    Dio_Lcfg.c                               0x00000000   Number         0  dio_lcfg.o ABSOLUTE
    Led.c                                    0x00000000   Number         0  led.o ABSOLUTE
    Port.c                                   0x00000000   Number         0  port_1.o ABSOLUTE
    Port_Lcfg.c                              0x00000000   Number         0  port_lcfg.o ABSOLUTE
    RTE/Device/TM4C123GH6PM/startup_TM4C123.s 0x00000000   Number         0  startup_tm4c123.o ABSOLUTE
    croutine.c                               0x00000000   Number         0  croutine.o ABSOLUTE
    dc.s                                     0x00000000   Number         0  dc.o ABSOLUTE
    event_groups.c                           0x00000000   Number         0  event_groups.o ABSOLUTE
    heap_1.c                                 0x00000000   Number         0  heap_1.o ABSOLUTE
    list.c                                   0x00000000   Number         0  list.o ABSOLUTE
    main.c                                   0x00000000   Number         0  main.o ABSOLUTE
    port.c                                   0x00000000   Number         0  port.o ABSOLUTE
    queue.c                                  0x00000000   Number         0  queue.o ABSOLUTE
    system_TM4C123.c                         0x00000000   Number         0  system_tm4c123.o ABSOLUTE
    tasks.c                                  0x00000000   Number         0  tasks.o ABSOLUTE
    timers.c                                 0x00000000   Number         0  timers.o ABSOLUTE
    RESET                                    0x00000000   Section      620  startup_tm4c123.o(RESET)
    !!!main                                  0x0000026c   Section        8  __main.o(!!!main)
    !!!scatter                               0x00000274   Section       52  __scatter.o(!!!scatter)
    !!handler_copy                           0x000002a8   Section       26  __scatter_copy.o(!!handler_copy)
    !!handler_zi                             0x000002c4   Section       28  __scatter_zi.o(!!handler_zi)
    .ARM.Collect$$libinit$$00000000          0x000002e0   Section        2  libinit.o(.ARM.Collect$$libinit$$00000000)
    .ARM.Collect$$libinit$$00000001          0x000002e2   Section        4  libinit2.o(.ARM.Collect$$libinit$$00000001)
    .ARM.Collect$$libinit$$00000004          0x000002e6   Section        0  libinit2.o(.ARM.Collect$$libinit$$00000004)
    .ARM.Collect$$libinit$$0000000A          0x000002e6   Section        0  libinit2.o(.ARM.Collect$$libinit$$0000000A)
    .ARM.Collect$$libinit$$0000000C          0x000002e6   Section        0  libinit2.o(.ARM.Collect$$libinit$$0000000C)
    .ARM.Collect$$libinit$$0000000E          0x000002e6   Section        0  libinit2.o(.ARM.Collect$$libinit$$0000000E)
    .ARM.Collect$$libinit$$00000011          0x000002e6   Section        0  libinit2.o(.ARM.Collect$$libinit$$00000011)
    .ARM.Collect$$libinit$$00000013          0x000002e6   Section        0  libinit2.o(.ARM.Collect$$libinit$$00000013)
    .ARM.Collect$$libinit$$00000015          0x000002e6   Section        0  libinit2.o(.ARM.Collect$$libinit$$00000015)
    .ARM.Collect$$libinit$$00000017          0x000002e6   Section        0  libinit2.o(.ARM.Collect$$libinit$$00000017)
    .ARM.Collect$$libinit$$00000019          0x000002e6   Section        0  libinit2.o(.ARM.Collect$$libinit$$00000019)
    .ARM.Collect$$libinit$$0000001B          0x000002e6   Section        0  libinit2.o(.ARM.Collect$$libinit$$0000001B)
    .ARM.Collect$$libinit$$0000001D          0x000002e6   Section        0  libinit2.o(.ARM.Collect$$libinit$$0000001D)
    .ARM.Collect$$libinit$$0000001F          0x000002e6   Section        0  libinit2.o(.ARM.Collect$$libinit$$0000001F)
    .ARM.Collect$$libinit$$00000021          0x000002e6   Section        0  libinit2.o(.ARM.Collect$$libinit$$00000021)
    .ARM.Collect$$libinit$$00000023          0x000002e6   Section        0  libinit2.o(.ARM.Collect$$libinit$$00000023)
    .ARM.Collect$$libinit$$00000025          0x000002e6   Section        0  libinit2.o(.ARM.Collect$$libinit$$00000025)
    .ARM.Collect$$libinit$$0000002C          0x000002e6   Section        0  libinit2.o(.ARM.Collect$$libinit$$0000002C)
    .ARM.Collect$$libinit$$0000002E          0x000002e6   Section        0  libinit2.o(.ARM.Collect$$libinit$$0000002E)
    .ARM.Collect$$libinit$$00000030          0x000002e6   Section        0  libinit2.o(.ARM.Collect$$libinit$$00000030)
    .ARM.Collect$$libinit$$00000032          0x000002e6   Section        0  libinit2.o(.ARM.Collect$$libinit$$00000032)
    .ARM.Collect$$libinit$$00000033          0x000002e6   Section        2  libinit2.o(.ARM.Collect$$libinit$$00000033)
    .ARM.Collect$$libshutdown$$00000000      0x000002e8   Section        2  libshutdown.o(.ARM.Collect$$libshutdown$$00000000)
    .ARM.Collect$$libshutdown$$00000002      0x000002ea   Section        0  libshutdown2.o(.ARM.Collect$$libshutdown$$00000002)
    .ARM.Collect$$libshutdown$$00000004      0x000002ea   Section        0  libshutdown2.o(.ARM.Collect$$libshutdown$$00000004)
    .ARM.Collect$$libshutdown$$00000007      0x000002ea   Section        0  libshutdown2.o(.ARM.Collect$$libshutdown$$00000007)
    .ARM.Collect$$libshutdown$$0000000A      0x000002ea   Section        0  libshutdown2.o(.ARM.Collect$$libshutdown$$0000000A)
    .ARM.Collect$$libshutdown$$0000000C      0x000002ea   Section        0  libshutdown2.o(.ARM.Collect$$libshutdown$$0000000C)
    .ARM.Collect$$libshutdown$$0000000F      0x000002ea   Section        0  libshutdown2.o(.ARM.Collect$$libshutdown$$0000000F)
    .ARM.Collect$$libshutdown$$00000010      0x000002ea   Section        2  libshutdown2.o(.ARM.Collect$$libshutdown$$00000010)
    .ARM.Collect$$rtentry$$00000000          0x000002ec   Section        0  __rtentry.o(.ARM.Collect$$rtentry$$00000000)
    .ARM.Collect$$rtentry$$00000002          0x000002ec   Section        0  __rtentry2.o(.ARM.Collect$$rtentry$$00000002)
    .ARM.Collect$$rtentry$$00000004          0x000002ec   Section        6  __rtentry4.o(.ARM.Collect$$rtentry$$00000004)
    .ARM.Collect$$rtentry$$00000009          0x000002f2   Section        0  __rtentry2.o(.ARM.Collect$$rtentry$$00000009)
    .ARM.Collect$$rtentry$$0000000A          0x000002f2   Section        4  __rtentry2.o(.ARM.Collect$$rtentry$$0000000A)
    .ARM.Collect$$rtentry$$0000000C          0x000002f6   Section        0  __rtentry2.o(.ARM.Collect$$rtentry$$0000000C)
    .ARM.Collect$$rtentry$$0000000D          0x000002f6   Section        8  __rtentry2.o(.ARM.Collect$$rtentry$$0000000D)
    .ARM.Collect$$rtexit$$00000000           0x000002fe   Section        2  rtexit.o(.ARM.Collect$$rtexit$$00000000)
    .ARM.Collect$$rtexit$$00000002           0x00000300   Section        0  rtexit2.o(.ARM.Collect$$rtexit$$00000002)
    .ARM.Collect$$rtexit$$00000003           0x00000300   Section        4  rtexit2.o(.ARM.Collect$$rtexit$$00000003)
    .ARM.Collect$$rtexit$$00000004           0x00000304   Section        6  rtexit2.o(.ARM.Collect$$rtexit$$00000004)
    $v0                                      0x0000030c   Number         0  startup_tm4c123.o(.text)
    .text                                    0x0000030c   Section      276  startup_tm4c123.o(.text)
    .text                                    0x00000420   Section      138  rt_memcpy_v6.o(.text)
    .text                                    0x000004aa   Section        0  heapauxi.o(.text)
    .text                                    0x000004b0   Section      100  rt_memcpy_w.o(.text)
    .text                                    0x00000514   Section       74  sys_stackheap_outer.o(.text)
    .text                                    0x0000055e   Section        0  exit.o(.text)
    .text                                    0x00000570   Section        8  libspace.o(.text)
    .text                                    0x00000578   Section        0  sys_exit.o(.text)
    .text                                    0x00000584   Section        2  use_no_semi.o(.text)
    .text                                    0x00000586   Section        0  indicate_semi.o(.text)
    [Anonymous Symbol]                       0x00000588   Section        0  dio.o(.text.Dio_FlipChannel)
    [Anonymous Symbol]                       0x0000067c   Section        0  main.o(.text.LED_Task)
    [Anonymous Symbol]                       0x000006a0   Section        0  port.o(.text.PendSV_Handler)
    pxCurrentTCBConst                        0x00000700   Number         0  port.o(.text.PendSV_Handler)
    [Anonymous Symbol]                       0x00000704   Section        0  port_1.o(.text.Port_Init)
    [Anonymous Symbol]                       0x00000940   Section        0  port.o(.text.SVC_Handler)
    pxCurrentTCBConst2                       0x00000960   Number         0  port.o(.text.SVC_Handler)
    [Anonymous Symbol]                       0x00000964   Section        0  port.o(.text.SysTick_Handler)
    [Anonymous Symbol]                       0x00000994   Section        0  system_tm4c123.o(.text.SystemInit)
    [Anonymous Symbol]                       0x00000a04   Section        0  led.o(.text.initLED)
    [Anonymous Symbol]                       0x00000a14   Section        0  main.o(.text.main)
    prvAddCurrentTaskToDelayedList           0x00000a4d   Thumb Code   190  tasks.o(.text.prvAddCurrentTaskToDelayedList)
    [Anonymous Symbol]                       0x00000a4c   Section        0  tasks.o(.text.prvAddCurrentTaskToDelayedList)
    prvAddNewTaskToReadyList                 0x00000b0d   Thumb Code   204  tasks.o(.text.prvAddNewTaskToReadyList)
    [Anonymous Symbol]                       0x00000b0c   Section        0  tasks.o(.text.prvAddNewTaskToReadyList)
    prvCheckForValidListAndQueue             0x00000bd9   Thumb Code    90  timers.o(.text.prvCheckForValidListAndQueue)
    [Anonymous Symbol]                       0x00000bd8   Section        0  timers.o(.text.prvCheckForValidListAndQueue)
    prvCheckTasksWaitingTermination          0x00000c35   Thumb Code    78  tasks.o(.text.prvCheckTasksWaitingTermination)
    [Anonymous Symbol]                       0x00000c34   Section        0  tasks.o(.text.prvCheckTasksWaitingTermination)
    prvCopyDataFromQueue                     0x00000c85   Thumb Code    38  queue.o(.text.prvCopyDataFromQueue)
    [Anonymous Symbol]                       0x00000c84   Section        0  queue.o(.text.prvCopyDataFromQueue)
    prvCopyDataToQueue                       0x00000cad   Thumb Code   122  queue.o(.text.prvCopyDataToQueue)
    [Anonymous Symbol]                       0x00000cac   Section        0  queue.o(.text.prvCopyDataToQueue)
    prvDeleteTCB                             0x00000d29   Thumb Code    18  tasks.o(.text.prvDeleteTCB)
    [Anonymous Symbol]                       0x00000d28   Section        0  tasks.o(.text.prvDeleteTCB)
    prvGetNextExpireTime                     0x00000d3d   Thumb Code    32  timers.o(.text.prvGetNextExpireTime)
    [Anonymous Symbol]                       0x00000d3c   Section        0  timers.o(.text.prvGetNextExpireTime)
    prvIdleTask                              0x00000d5d   Thumb Code    42  tasks.o(.text.prvIdleTask)
    [Anonymous Symbol]                       0x00000d5c   Section        0  tasks.o(.text.prvIdleTask)
    prvInitialiseNewQueue                    0x00000d89   Thumb Code    30  queue.o(.text.prvInitialiseNewQueue)
    [Anonymous Symbol]                       0x00000d88   Section        0  queue.o(.text.prvInitialiseNewQueue)
    prvInitialiseNewTask                     0x00000da9   Thumb Code   158  tasks.o(.text.prvInitialiseNewTask)
    [Anonymous Symbol]                       0x00000da8   Section        0  tasks.o(.text.prvInitialiseNewTask)
    prvInitialiseTaskLists                   0x00000e49   Thumb Code   110  tasks.o(.text.prvInitialiseTaskLists)
    [Anonymous Symbol]                       0x00000e48   Section        0  tasks.o(.text.prvInitialiseTaskLists)
    prvInsertTimerInActiveList               0x00000eb9   Thumb Code    64  timers.o(.text.prvInsertTimerInActiveList)
    [Anonymous Symbol]                       0x00000eb8   Section        0  timers.o(.text.prvInsertTimerInActiveList)
    prvIsQueueEmpty                          0x00000ef9   Thumb Code    24  queue.o(.text.prvIsQueueEmpty)
    [Anonymous Symbol]                       0x00000ef8   Section        0  queue.o(.text.prvIsQueueEmpty)
    prvNotifyQueueSetContainer               0x00000f11   Thumb Code   142  queue.o(.text.prvNotifyQueueSetContainer)
    [Anonymous Symbol]                       0x00000f10   Section        0  queue.o(.text.prvNotifyQueueSetContainer)
    prvPortStartFirstTask                    0x00000fa1   Thumb Code    40  port.o(.text.prvPortStartFirstTask)
    [Anonymous Symbol]                       0x00000fa0   Section        0  port.o(.text.prvPortStartFirstTask)
    prvProcessExpiredTimer                   0x00000fc9   Thumb Code    62  timers.o(.text.prvProcessExpiredTimer)
    [Anonymous Symbol]                       0x00000fc8   Section        0  timers.o(.text.prvProcessExpiredTimer)
    prvProcessReceivedCommands               0x00001009   Thumb Code   254  timers.o(.text.prvProcessReceivedCommands)
    [Anonymous Symbol]                       0x00001008   Section        0  timers.o(.text.prvProcessReceivedCommands)
    prvProcessTimerOrBlockTask               0x00001109   Thumb Code   128  timers.o(.text.prvProcessTimerOrBlockTask)
    [Anonymous Symbol]                       0x00001108   Section        0  timers.o(.text.prvProcessTimerOrBlockTask)
    prvReloadTimer                           0x00001189   Thumb Code    58  timers.o(.text.prvReloadTimer)
    [Anonymous Symbol]                       0x00001188   Section        0  timers.o(.text.prvReloadTimer)
    prvResetNextTaskUnblockTime              0x000011c5   Thumb Code    38  tasks.o(.text.prvResetNextTaskUnblockTime)
    [Anonymous Symbol]                       0x000011c4   Section        0  tasks.o(.text.prvResetNextTaskUnblockTime)
    prvSampleTimeNow                         0x000011ed   Thumb Code    42  timers.o(.text.prvSampleTimeNow)
    [Anonymous Symbol]                       0x000011ec   Section        0  timers.o(.text.prvSampleTimeNow)
    prvSwitchTimerLists                      0x00001219   Thumb Code    52  timers.o(.text.prvSwitchTimerLists)
    [Anonymous Symbol]                       0x00001218   Section        0  timers.o(.text.prvSwitchTimerLists)
    prvTaskExitError                         0x0000124d   Thumb Code    50  port.o(.text.prvTaskExitError)
    [Anonymous Symbol]                       0x0000124c   Section        0  port.o(.text.prvTaskExitError)
    prvTimerTask                             0x00001281   Thumb Code    22  timers.o(.text.prvTimerTask)
    [Anonymous Symbol]                       0x00001280   Section        0  timers.o(.text.prvTimerTask)
    prvUnlockQueue                           0x00001299   Thumb Code   134  queue.o(.text.prvUnlockQueue)
    [Anonymous Symbol]                       0x00001298   Section        0  queue.o(.text.prvUnlockQueue)
    [Anonymous Symbol]                       0x00001320   Section        0  heap_1.o(.text.pvPortMalloc)
    [Anonymous Symbol]                       0x0000138c   Section        0  port.o(.text.pxPortInitialiseStack)
    [Anonymous Symbol]                       0x000013b4   Section        0  led.o(.text.toggleLed)
    [Anonymous Symbol]                       0x000013bc   Section        0  list.o(.text.uxListRemove)
    [Anonymous Symbol]                       0x000013e0   Section        0  list.o(.text.vListInitialise)
    [Anonymous Symbol]                       0x000013f8   Section        0  list.o(.text.vListInitialiseItem)
    [Anonymous Symbol]                       0x00001400   Section        0  list.o(.text.vListInsert)
    vPortEnableVFP                           0x0000143d   Thumb Code    20  port.o(.text.vPortEnableVFP)
    [Anonymous Symbol]                       0x0000143c   Section        0  port.o(.text.vPortEnableVFP)
    [Anonymous Symbol]                       0x00001450   Section        0  port.o(.text.vPortEnterCritical)
    [Anonymous Symbol]                       0x00001498   Section        0  port.o(.text.vPortExitCritical)
    [Anonymous Symbol]                       0x000014c8   Section        0  heap_1.o(.text.vPortFree)
    [Anonymous Symbol]                       0x000014e4   Section        0  port.o(.text.vPortSetupTimerInterrupt)
    [Anonymous Symbol]                       0x00001518   Section        0  queue.o(.text.vQueueWaitForMessageRestricted)
    [Anonymous Symbol]                       0x0000155c   Section        0  tasks.o(.text.vTaskInternalSetTimeOutState)
    [Anonymous Symbol]                       0x00001578   Section        0  tasks.o(.text.vTaskMissedYield)
    [Anonymous Symbol]                       0x00001588   Section        0  tasks.o(.text.vTaskPlaceOnEventList)
    [Anonymous Symbol]                       0x000015bc   Section        0  tasks.o(.text.vTaskPlaceOnEventListRestricted)
    [Anonymous Symbol]                       0x0000162c   Section        0  tasks.o(.text.vTaskStartScheduler)
    [Anonymous Symbol]                       0x000016c8   Section        0  tasks.o(.text.vTaskSuspendAll)
    __tagsym$$used.0                         0x000016d8   Number         0  tasks.o(.text.vTaskSwitchContext)
    [Anonymous Symbol]                       0x000016d8   Section        0  tasks.o(.text.vTaskSwitchContext)
    [Anonymous Symbol]                       0x00001760   Section        0  port.o(.text.xPortStartScheduler)
    [Anonymous Symbol]                       0x00001874   Section        0  queue.o(.text.xQueueGenericCreate)
    [Anonymous Symbol]                       0x000018c0   Section        0  queue.o(.text.xQueueGenericReset)
    [Anonymous Symbol]                       0x00001974   Section        0  queue.o(.text.xQueueReceive)
    [Anonymous Symbol]                       0x00001af8   Section        0  tasks.o(.text.xTaskCheckForTimeOut)
    [Anonymous Symbol]                       0x00001b84   Section        0  tasks.o(.text.xTaskCreate)
    [Anonymous Symbol]                       0x00001be4   Section        0  tasks.o(.text.xTaskDelayUntil)
    [Anonymous Symbol]                       0x00001ca4   Section        0  tasks.o(.text.xTaskGetSchedulerState)
    [Anonymous Symbol]                       0x00001ccc   Section        0  tasks.o(.text.xTaskGetTickCount)
    [Anonymous Symbol]                       0x00001cd8   Section        0  tasks.o(.text.xTaskIncrementTick)
    [Anonymous Symbol]                       0x00001e84   Section        0  tasks.o(.text.xTaskPriorityDisinherit)
    [Anonymous Symbol]                       0x00001f48   Section        0  tasks.o(.text.xTaskRemoveFromEventList)
    [Anonymous Symbol]                       0x00002038   Section        0  tasks.o(.text.xTaskResumeAll)
    [Anonymous Symbol]                       0x000021a4   Section        0  timers.o(.text.xTimerCreateTimerTask)
    $v0                                      0x00002204   Number         0  fpinit.o(x$fpl$fpinit)
    x$fpl$fpinit                             0x00002204   Section       26  fpinit.o(x$fpl$fpinit)
    uxCriticalNesting                        0x20000004   Data           4  port.o(.data.uxCriticalNesting)
    [Anonymous Symbol]                       0x20000004   Section        0  port.o(.data.uxCriticalNesting)
    .bss                                     0x20000008   Section       96  libspace.o(.bss)
    prvSampleTimeNow.xLastTime               0x20000068   Data           4  timers.o(.bss.prvSampleTimeNow.xLastTime)
    [Anonymous Symbol]                       0x20000068   Section        0  timers.o(.bss.prvSampleTimeNow.xLastTime)
    pvPortMalloc.pucAlignedHeap              0x2000006c   Data           4  heap_1.o(.bss.pvPortMalloc.pucAlignedHeap)
    [Anonymous Symbol]                       0x2000006c   Section        0  heap_1.o(.bss.pvPortMalloc.pucAlignedHeap)
    pxCurrentTimerList                       0x20000074   Data           4  timers.o(.bss.pxCurrentTimerList)
    [Anonymous Symbol]                       0x20000074   Section        0  timers.o(.bss.pxCurrentTimerList)
    pxDelayedTaskList                        0x20000078   Data           4  tasks.o(.bss.pxDelayedTaskList)
    [Anonymous Symbol]                       0x20000078   Section        0  tasks.o(.bss.pxDelayedTaskList)
    pxOverflowDelayedTaskList                0x2000007c   Data           4  tasks.o(.bss.pxOverflowDelayedTaskList)
    [Anonymous Symbol]                       0x2000007c   Section        0  tasks.o(.bss.pxOverflowDelayedTaskList)
    pxOverflowTimerList                      0x20000080   Data           4  timers.o(.bss.pxOverflowTimerList)
    [Anonymous Symbol]                       0x20000080   Section        0  timers.o(.bss.pxOverflowTimerList)
    pxReadyTasksLists                        0x20000084   Data         100  tasks.o(.bss.pxReadyTasksLists)
    [Anonymous Symbol]                       0x20000084   Section        0  tasks.o(.bss.pxReadyTasksLists)
    ucHeap                                   0x200000e8   Data        4096  heap_1.o(.bss.ucHeap)
    [Anonymous Symbol]                       0x200000e8   Section        0  heap_1.o(.bss.ucHeap)
    ucMaxSysCallPriority                     0x200010e8   Data           1  port.o(.bss.ucMaxSysCallPriority)
    [Anonymous Symbol]                       0x200010e8   Section        0  port.o(.bss.ucMaxSysCallPriority)
    ulMaxPRIGROUPValue                       0x200010ec   Data           4  port.o(.bss.ulMaxPRIGROUPValue)
    [Anonymous Symbol]                       0x200010ec   Section        0  port.o(.bss.ulMaxPRIGROUPValue)
    uxCurrentNumberOfTasks                   0x200010f0   Data           4  tasks.o(.bss.uxCurrentNumberOfTasks)
    [Anonymous Symbol]                       0x200010f0   Section        0  tasks.o(.bss.uxCurrentNumberOfTasks)
    uxDeletedTasksWaitingCleanUp             0x200010f4   Data           4  tasks.o(.bss.uxDeletedTasksWaitingCleanUp)
    [Anonymous Symbol]                       0x200010f4   Section        0  tasks.o(.bss.uxDeletedTasksWaitingCleanUp)
    uxSchedulerSuspended                     0x200010f8   Data           4  tasks.o(.bss.uxSchedulerSuspended)
    [Anonymous Symbol]                       0x200010f8   Section        0  tasks.o(.bss.uxSchedulerSuspended)
    uxTaskNumber                             0x200010fc   Data           4  tasks.o(.bss.uxTaskNumber)
    [Anonymous Symbol]                       0x200010fc   Section        0  tasks.o(.bss.uxTaskNumber)
    uxTopReadyPriority                       0x20001100   Data           4  tasks.o(.bss.uxTopReadyPriority)
    [Anonymous Symbol]                       0x20001100   Section        0  tasks.o(.bss.uxTopReadyPriority)
    xActiveTimerList1                        0x20001104   Data          20  timers.o(.bss.xActiveTimerList1)
    [Anonymous Symbol]                       0x20001104   Section        0  timers.o(.bss.xActiveTimerList1)
    xActiveTimerList2                        0x20001118   Data          20  timers.o(.bss.xActiveTimerList2)
    [Anonymous Symbol]                       0x20001118   Section        0  timers.o(.bss.xActiveTimerList2)
    xDelayedTaskList1                        0x2000112c   Data          20  tasks.o(.bss.xDelayedTaskList1)
    [Anonymous Symbol]                       0x2000112c   Section        0  tasks.o(.bss.xDelayedTaskList1)
    xDelayedTaskList2                        0x20001140   Data          20  tasks.o(.bss.xDelayedTaskList2)
    [Anonymous Symbol]                       0x20001140   Section        0  tasks.o(.bss.xDelayedTaskList2)
    xIdleTaskHandle                          0x20001154   Data           4  tasks.o(.bss.xIdleTaskHandle)
    [Anonymous Symbol]                       0x20001154   Section        0  tasks.o(.bss.xIdleTaskHandle)
    xNextFreeByte                            0x20001158   Data           4  heap_1.o(.bss.xNextFreeByte)
    [Anonymous Symbol]                       0x20001158   Section        0  heap_1.o(.bss.xNextFreeByte)
    xNextTaskUnblockTime                     0x2000115c   Data           4  tasks.o(.bss.xNextTaskUnblockTime)
    [Anonymous Symbol]                       0x2000115c   Section        0  tasks.o(.bss.xNextTaskUnblockTime)
    xNumOfOverflows                          0x20001160   Data           4  tasks.o(.bss.xNumOfOverflows)
    [Anonymous Symbol]                       0x20001160   Section        0  tasks.o(.bss.xNumOfOverflows)
    xPendedTicks                             0x20001164   Data           4  tasks.o(.bss.xPendedTicks)
    [Anonymous Symbol]                       0x20001164   Section        0  tasks.o(.bss.xPendedTicks)
    xPendingReadyList                        0x20001168   Data          20  tasks.o(.bss.xPendingReadyList)
    [Anonymous Symbol]                       0x20001168   Section        0  tasks.o(.bss.xPendingReadyList)
    xSchedulerRunning                        0x2000117c   Data           4  tasks.o(.bss.xSchedulerRunning)
    [Anonymous Symbol]                       0x2000117c   Section        0  tasks.o(.bss.xSchedulerRunning)
    xSuspendedTaskList                       0x20001180   Data          20  tasks.o(.bss.xSuspendedTaskList)
    [Anonymous Symbol]                       0x20001180   Section        0  tasks.o(.bss.xSuspendedTaskList)
    xTasksWaitingTermination                 0x20001194   Data          20  tasks.o(.bss.xTasksWaitingTermination)
    [Anonymous Symbol]                       0x20001194   Section        0  tasks.o(.bss.xTasksWaitingTermination)
    xTickCount                               0x200011a8   Data           4  tasks.o(.bss.xTickCount)
    [Anonymous Symbol]                       0x200011a8   Section        0  tasks.o(.bss.xTickCount)
    xTimerQueue                              0x200011ac   Data           4  timers.o(.bss.xTimerQueue)
    [Anonymous Symbol]                       0x200011ac   Section        0  timers.o(.bss.xTimerQueue)
    xTimerTaskHandle                         0x200011b0   Data           4  timers.o(.bss.xTimerTaskHandle)
    [Anonymous Symbol]                       0x200011b0   Section        0  timers.o(.bss.xTimerTaskHandle)
    xYieldPending                            0x200011b4   Data           4  tasks.o(.bss.xYieldPending)
    [Anonymous Symbol]                       0x200011b4   Section        0  tasks.o(.bss.xYieldPending)
    Heap_Mem                                 0x200011b8   Data           0  startup_tm4c123.o(HEAP)
    Stack_Mem                                0x200011b8   Data         512  startup_tm4c123.o(STACK)
    HEAP                                     0x200011b8   Section        0  startup_tm4c123.o(HEAP)
    STACK                                    0x200011b8   Section      512  startup_tm4c123.o(STACK)
    __initial_sp                             0x200013b8   Data           0  startup_tm4c123.o(STACK)

    Global Symbols

    Symbol Name                              Value     Ov Type        Size  Object(Section)

    BuildAttributes$$THM_ISAv4$E$P$D$K$B$S$7EM$VFPi3$EXTD16$VFPS$VFMA$PE$A:L22UL41UL21$X:L11$S22US41US21$IEEE1$IW$~IW$USESV6$~STKCKD$USESV7$~SHL$OTIME$ROPI$EBA8$UX$STANDARDLIB$REQ8$PRES8$EABIv2 0x00000000   Number         0  anon$$obj.o ABSOLUTE
    __Vectors                                0x00000000   Data           4  startup_tm4c123.o(RESET)
    __ARM_exceptions_init                     - Undefined Weak Reference
    __alloca_initialize                       - Undefined Weak Reference
    __arm_preinit_                            - Undefined Weak Reference
    __cpp_initialize__aeabi_                  - Undefined Weak Reference
    __cxa_finalize                            - Undefined Weak Reference
    __rt_locale                               - Undefined Weak Reference
    __sigvec_lookup                           - Undefined Weak Reference
    _atexit_init                              - Undefined Weak Reference
    _call_atexit_fns                          - Undefined Weak Reference
    _clock_init                               - Undefined Weak Reference
    _fp_trap_init                             - Undefined Weak Reference
    _fp_trap_shutdown                         - Undefined Weak Reference
    _get_lc_collate                           - Undefined Weak Reference
    _get_lc_ctype                             - Undefined Weak Reference
    _get_lc_monetary                          - Undefined Weak Reference
    _get_lc_numeric                           - Undefined Weak Reference
    _get_lc_time                              - Undefined Weak Reference
    _getenv_init                              - Undefined Weak Reference
    _handle_redirection                       - Undefined Weak Reference
    _init_alloc                               - Undefined Weak Reference
    _init_user_alloc                          - Undefined Weak Reference
    _initio                                   - Undefined Weak Reference
    _rand_init                                - Undefined Weak Reference
    _signal_finish                            - Undefined Weak Reference
    _signal_init                              - Undefined Weak Reference
    _terminate_alloc                          - Undefined Weak Reference
    _terminate_user_alloc                     - Undefined Weak Reference
    _terminateio                              - Undefined Weak Reference
    __Vectors_End                            0x0000026c   Data           0  startup_tm4c123.o(RESET)
    __Vectors_Size                           0x0000026c   Number         0  startup_tm4c123.o ABSOLUTE
    __main                                   0x0000026d   Thumb Code     8  __main.o(!!!main)
    __scatterload                            0x00000275   Thumb Code     0  __scatter.o(!!!scatter)
    __scatterload_rt2                        0x00000275   Thumb Code    44  __scatter.o(!!!scatter)
    __scatterload_rt2_thumb_only             0x00000275   Thumb Code     0  __scatter.o(!!!scatter)
    __scatterload_null                       0x00000283   Thumb Code     0  __scatter.o(!!!scatter)
    __scatterload_copy                       0x000002a9   Thumb Code    26  __scatter_copy.o(!!handler_copy)
    __scatterload_zeroinit                   0x000002c5   Thumb Code    28  __scatter_zi.o(!!handler_zi)
    __rt_lib_init                            0x000002e1   Thumb Code     0  libinit.o(.ARM.Collect$$libinit$$00000000)
    __rt_lib_init_fp_1                       0x000002e3   Thumb Code     0  libinit2.o(.ARM.Collect$$libinit$$00000001)
    __rt_lib_init_alloca_1                   0x000002e7   Thumb Code     0  libinit2.o(.ARM.Collect$$libinit$$0000002E)
    __rt_lib_init_argv_1                     0x000002e7   Thumb Code     0  libinit2.o(.ARM.Collect$$libinit$$0000002C)
    __rt_lib_init_atexit_1                   0x000002e7   Thumb Code     0  libinit2.o(.ARM.Collect$$libinit$$0000001B)
    __rt_lib_init_clock_1                    0x000002e7   Thumb Code     0  libinit2.o(.ARM.Collect$$libinit$$00000021)
    __rt_lib_init_cpp_1                      0x000002e7   Thumb Code     0  libinit2.o(.ARM.Collect$$libinit$$00000032)
    __rt_lib_init_exceptions_1               0x000002e7   Thumb Code     0  libinit2.o(.ARM.Collect$$libinit$$00000030)
    __rt_lib_init_fp_trap_1                  0x000002e7   Thumb Code     0  libinit2.o(.ARM.Collect$$libinit$$0000001F)
    __rt_lib_init_getenv_1                   0x000002e7   Thumb Code     0  libinit2.o(.ARM.Collect$$libinit$$00000023)
    __rt_lib_init_heap_1                     0x000002e7   Thumb Code     0  libinit2.o(.ARM.Collect$$libinit$$0000000A)
    __rt_lib_init_lc_collate_1               0x000002e7   Thumb Code     0  libinit2.o(.ARM.Collect$$libinit$$00000011)
    __rt_lib_init_lc_ctype_1                 0x000002e7   Thumb Code     0  libinit2.o(.ARM.Collect$$libinit$$00000013)
    __rt_lib_init_lc_monetary_1              0x000002e7   Thumb Code     0  libinit2.o(.ARM.Collect$$libinit$$00000015)
    __rt_lib_init_lc_numeric_1               0x000002e7   Thumb Code     0  libinit2.o(.ARM.Collect$$libinit$$00000017)
    __rt_lib_init_lc_time_1                  0x000002e7   Thumb Code     0  libinit2.o(.ARM.Collect$$libinit$$00000019)
    __rt_lib_init_preinit_1                  0x000002e7   Thumb Code     0  libinit2.o(.ARM.Collect$$libinit$$00000004)
    __rt_lib_init_rand_1                     0x000002e7   Thumb Code     0  libinit2.o(.ARM.Collect$$libinit$$0000000E)
    __rt_lib_init_return                     0x000002e7   Thumb Code     0  libinit2.o(.ARM.Collect$$libinit$$00000033)
    __rt_lib_init_signal_1                   0x000002e7   Thumb Code     0  libinit2.o(.ARM.Collect$$libinit$$0000001D)
    __rt_lib_init_stdio_1                    0x000002e7   Thumb Code     0  libinit2.o(.ARM.Collect$$libinit$$00000025)
    __rt_lib_init_user_alloc_1               0x000002e7   Thumb Code     0  libinit2.o(.ARM.Collect$$libinit$$0000000C)
    __rt_lib_shutdown                        0x000002e9   Thumb Code     0  libshutdown.o(.ARM.Collect$$libshutdown$$00000000)
    __rt_lib_shutdown_cpp_1                  0x000002eb   Thumb Code     0  libshutdown2.o(.ARM.Collect$$libshutdown$$00000002)
    __rt_lib_shutdown_fp_trap_1              0x000002eb   Thumb Code     0  libshutdown2.o(.ARM.Collect$$libshutdown$$00000007)
    __rt_lib_shutdown_heap_1                 0x000002eb   Thumb Code     0  libshutdown2.o(.ARM.Collect$$libshutdown$$0000000F)
    __rt_lib_shutdown_return                 0x000002eb   Thumb Code     0  libshutdown2.o(.ARM.Collect$$libshutdown$$00000010)
    __rt_lib_shutdown_signal_1               0x000002eb   Thumb Code     0  libshutdown2.o(.ARM.Collect$$libshutdown$$0000000A)
    __rt_lib_shutdown_stdio_1                0x000002eb   Thumb Code     0  libshutdown2.o(.ARM.Collect$$libshutdown$$00000004)
    __rt_lib_shutdown_user_alloc_1           0x000002eb   Thumb Code     0  libshutdown2.o(.ARM.Collect$$libshutdown$$0000000C)
    __rt_entry                               0x000002ed   Thumb Code     0  __rtentry.o(.ARM.Collect$$rtentry$$00000000)
    __rt_entry_presh_1                       0x000002ed   Thumb Code     0  __rtentry2.o(.ARM.Collect$$rtentry$$00000002)
    __rt_entry_sh                            0x000002ed   Thumb Code     0  __rtentry4.o(.ARM.Collect$$rtentry$$00000004)
    __rt_entry_li                            0x000002f3   Thumb Code     0  __rtentry2.o(.ARM.Collect$$rtentry$$0000000A)
    __rt_entry_postsh_1                      0x000002f3   Thumb Code     0  __rtentry2.o(.ARM.Collect$$rtentry$$00000009)
    __rt_entry_main                          0x000002f7   Thumb Code     0  __rtentry2.o(.ARM.Collect$$rtentry$$0000000D)
    __rt_entry_postli_1                      0x000002f7   Thumb Code     0  __rtentry2.o(.ARM.Collect$$rtentry$$0000000C)
    __rt_exit                                0x000002ff   Thumb Code     0  rtexit.o(.ARM.Collect$$rtexit$$00000000)
    __rt_exit_ls                             0x00000301   Thumb Code     0  rtexit2.o(.ARM.Collect$$rtexit$$00000003)
    __rt_exit_prels_1                        0x00000301   Thumb Code     0  rtexit2.o(.ARM.Collect$$rtexit$$00000002)
    __rt_exit_exit                           0x00000305   Thumb Code     0  rtexit2.o(.ARM.Collect$$rtexit$$00000004)
    Reset_Handler                            0x0000030d   Thumb Code     8  startup_tm4c123.o(.text)
    NMI_Handler                              0x00000315   Thumb Code     2  startup_tm4c123.o(.text)
    HardFault_Handler                        0x00000317   Thumb Code     2  startup_tm4c123.o(.text)
    MemManage_Handler                        0x00000319   Thumb Code     2  startup_tm4c123.o(.text)
    BusFault_Handler                         0x0000031b   Thumb Code     2  startup_tm4c123.o(.text)
    UsageFault_Handler                       0x0000031d   Thumb Code     2  startup_tm4c123.o(.text)
    DebugMon_Handler                         0x00000321   Thumb Code     2  startup_tm4c123.o(.text)
    GPIOA_Handler                            0x00000327   Thumb Code     2  startup_tm4c123.o(.text)
    GPIOB_Handler                            0x00000329   Thumb Code     2  startup_tm4c123.o(.text)
    GPIOC_Handler                            0x0000032b   Thumb Code     2  startup_tm4c123.o(.text)
    GPIOD_Handler                            0x0000032d   Thumb Code     2  startup_tm4c123.o(.text)
    GPIOE_Handler                            0x0000032f   Thumb Code     2  startup_tm4c123.o(.text)
    UART0_Handler                            0x00000331   Thumb Code     2  startup_tm4c123.o(.text)
    UART1_Handler                            0x00000333   Thumb Code     2  startup_tm4c123.o(.text)
    SSI0_Handler                             0x00000335   Thumb Code     2  startup_tm4c123.o(.text)
    I2C0_Handler                             0x00000337   Thumb Code     2  startup_tm4c123.o(.text)
    PMW0_FAULT_Handler                       0x00000339   Thumb Code     2  startup_tm4c123.o(.text)
    PWM0_0_Handler                           0x0000033b   Thumb Code     2  startup_tm4c123.o(.text)
    PWM0_1_Handler                           0x0000033d   Thumb Code     2  startup_tm4c123.o(.text)
    PWM0_2_Handler                           0x0000033f   Thumb Code     2  startup_tm4c123.o(.text)
    QEI0_Handler                             0x00000341   Thumb Code     2  startup_tm4c123.o(.text)
    ADC0SS0_Handler                          0x00000343   Thumb Code     2  startup_tm4c123.o(.text)
    ADC0SS1_Handler                          0x00000345   Thumb Code     2  startup_tm4c123.o(.text)
    ADC0SS2_Handler                          0x00000347   Thumb Code     2  startup_tm4c123.o(.text)
    ADC0SS3_Handler                          0x00000349   Thumb Code     2  startup_tm4c123.o(.text)
    WDT0_Handler                             0x0000034b   Thumb Code     2  startup_tm4c123.o(.text)
    TIMER0A_Handler                          0x0000034d   Thumb Code     2  startup_tm4c123.o(.text)
    TIMER0B_Handler                          0x0000034f   Thumb Code     2  startup_tm4c123.o(.text)
    TIMER1A_Handler                          0x00000351   Thumb Code     2  startup_tm4c123.o(.text)
    TIMER1B_Handler                          0x00000353   Thumb Code     2  startup_tm4c123.o(.text)
    TIMER2A_Handler                          0x00000355   Thumb Code     2  startup_tm4c123.o(.text)
    TIMER2B_Handler                          0x00000357   Thumb Code     2  startup_tm4c123.o(.text)
    COMP0_Handler                            0x00000359   Thumb Code     2  startup_tm4c123.o(.text)
    COMP1_Handler                            0x0000035b   Thumb Code     2  startup_tm4c123.o(.text)
    COMP2_Handler                            0x0000035d   Thumb Code     2  startup_tm4c123.o(.text)
    SYSCTL_Handler                           0x0000035f   Thumb Code     2  startup_tm4c123.o(.text)
    FLASH_Handler                            0x00000361   Thumb Code     2  startup_tm4c123.o(.text)
    GPIOF_Handler                            0x00000363   Thumb Code     2  startup_tm4c123.o(.text)
    GPIOG_Handler                            0x00000365   Thumb Code     2  startup_tm4c123.o(.text)
    GPIOH_Handler                            0x00000367   Thumb Code     2  startup_tm4c123.o(.text)
    UART2_Handler                            0x00000369   Thumb Code     2  startup_tm4c123.o(.text)
    SSI1_Handler                             0x0000036b   Thumb Code     2  startup_tm4c123.o(.text)
    TIMER3A_Handler                          0x0000036d   Thumb Code     2  startup_tm4c123.o(.text)
    TIMER3B_Handler                          0x0000036f   Thumb Code     2  startup_tm4c123.o(.text)
    I2C1_Handler                             0x00000371   Thumb Code     2  startup_tm4c123.o(.text)
    QEI1_Handler                             0x00000373   Thumb Code     2  startup_tm4c123.o(.text)
    CAN0_Handler                             0x00000375   Thumb Code     2  startup_tm4c123.o(.text)
    CAN1_Handler                             0x00000377   Thumb Code     2  startup_tm4c123.o(.text)
    CAN2_Handler                             0x00000379   Thumb Code     2  startup_tm4c123.o(.text)
    HIB_Handler                              0x0000037b   Thumb Code     2  startup_tm4c123.o(.text)
    USB0_Handler                             0x0000037d   Thumb Code     2  startup_tm4c123.o(.text)
    PWM0_3_Handler                           0x0000037f   Thumb Code     2  startup_tm4c123.o(.text)
    UDMA_Handler                             0x00000381   Thumb Code     2  startup_tm4c123.o(.text)
    UDMAERR_Handler                          0x00000383   Thumb Code     2  startup_tm4c123.o(.text)
    ADC1SS0_Handler                          0x00000385   Thumb Code     2  startup_tm4c123.o(.text)
    ADC1SS1_Handler                          0x00000387   Thumb Code     2  startup_tm4c123.o(.text)
    ADC1SS2_Handler                          0x00000389   Thumb Code     2  startup_tm4c123.o(.text)
    ADC1SS3_Handler                          0x0000038b   Thumb Code     2  startup_tm4c123.o(.text)
    GPIOJ_Handler                            0x0000038d   Thumb Code     2  startup_tm4c123.o(.text)
    GPIOK_Handler                            0x0000038f   Thumb Code     2  startup_tm4c123.o(.text)
    GPIOL_Handler                            0x00000391   Thumb Code     2  startup_tm4c123.o(.text)
    SSI2_Handler                             0x00000393   Thumb Code     2  startup_tm4c123.o(.text)
    SSI3_Handler                             0x00000395   Thumb Code     2  startup_tm4c123.o(.text)
    UART3_Handler                            0x00000397   Thumb Code     2  startup_tm4c123.o(.text)
    UART4_Handler                            0x00000399   Thumb Code     2  startup_tm4c123.o(.text)
    UART5_Handler                            0x0000039b   Thumb Code     2  startup_tm4c123.o(.text)
    UART6_Handler                            0x0000039d   Thumb Code     2  startup_tm4c123.o(.text)
    UART7_Handler                            0x0000039f   Thumb Code     2  startup_tm4c123.o(.text)
    I2C2_Handler                             0x000003a1   Thumb Code     2  startup_tm4c123.o(.text)
    I2C3_Handler                             0x000003a3   Thumb Code     2  startup_tm4c123.o(.text)
    TIMER4A_Handler                          0x000003a5   Thumb Code     2  startup_tm4c123.o(.text)
    TIMER4B_Handler                          0x000003a7   Thumb Code     2  startup_tm4c123.o(.text)
    TIMER5A_Handler                          0x000003a9   Thumb Code     2  startup_tm4c123.o(.text)
    TIMER5B_Handler                          0x000003ab   Thumb Code     2  startup_tm4c123.o(.text)
    WTIMER0A_Handler                         0x000003ad   Thumb Code     2  startup_tm4c123.o(.text)
    WTIMER0B_Handler                         0x000003af   Thumb Code     2  startup_tm4c123.o(.text)
    WTIMER1A_Handler                         0x000003b1   Thumb Code     2  startup_tm4c123.o(.text)
    WTIMER1B_Handler                         0x000003b3   Thumb Code     2  startup_tm4c123.o(.text)
    WTIMER2A_Handler                         0x000003b5   Thumb Code     2  startup_tm4c123.o(.text)
    WTIMER2B_Handler                         0x000003b7   Thumb Code     2  startup_tm4c123.o(.text)
    WTIMER3A_Handler                         0x000003b9   Thumb Code     2  startup_tm4c123.o(.text)
    WTIMER3B_Handler                         0x000003bb   Thumb Code     2  startup_tm4c123.o(.text)
    WTIMER4A_Handler                         0x000003bd   Thumb Code     2  startup_tm4c123.o(.text)
    WTIMER4B_Handler                         0x000003bf   Thumb Code     2  startup_tm4c123.o(.text)
    WTIMER5A_Handler                         0x000003c1   Thumb Code     2  startup_tm4c123.o(.text)
    WTIMER5B_Handler                         0x000003c3   Thumb Code     2  startup_tm4c123.o(.text)
    FPU_Handler                              0x000003c5   Thumb Code     2  startup_tm4c123.o(.text)
    I2C4_Handler                             0x000003c7   Thumb Code     2  startup_tm4c123.o(.text)
    I2C5_Handler                             0x000003c9   Thumb Code     2  startup_tm4c123.o(.text)
    GPIOM_Handler                            0x000003cb   Thumb Code     2  startup_tm4c123.o(.text)
    GPION_Handler                            0x000003cd   Thumb Code     2  startup_tm4c123.o(.text)
    QEI2_Handler                             0x000003cf   Thumb Code     2  startup_tm4c123.o(.text)
    GPIOP0_Handler                           0x000003d1   Thumb Code     2  startup_tm4c123.o(.text)
    GPIOP1_Handler                           0x000003d3   Thumb Code     2  startup_tm4c123.o(.text)
    GPIOP2_Handler                           0x000003d5   Thumb Code     2  startup_tm4c123.o(.text)
    GPIOP3_Handler                           0x000003d7   Thumb Code     2  startup_tm4c123.o(.text)
    GPIOP4_Handler                           0x000003d9   Thumb Code     2  startup_tm4c123.o(.text)
    GPIOP5_Handler                           0x000003db   Thumb Code     2  startup_tm4c123.o(.text)
    GPIOP6_Handler                           0x000003dd   Thumb Code     2  startup_tm4c123.o(.text)
    GPIOP7_Handler                           0x000003df   Thumb Code     2  startup_tm4c123.o(.text)
    GPIOQ0_Handler                           0x000003e1   Thumb Code     2  startup_tm4c123.o(.text)
    GPIOQ1_Handler                           0x000003e3   Thumb Code     2  startup_tm4c123.o(.text)
    GPIOQ2_Handler                           0x000003e5   Thumb Code     2  startup_tm4c123.o(.text)
    GPIOQ3_Handler                           0x000003e7   Thumb Code     2  startup_tm4c123.o(.text)
    GPIOQ4_Handler                           0x000003e9   Thumb Code     2  startup_tm4c123.o(.text)
    GPIOQ5_Handler                           0x000003eb   Thumb Code     2  startup_tm4c123.o(.text)
    GPIOQ6_Handler                           0x000003ed   Thumb Code     2  startup_tm4c123.o(.text)
    GPIOQ7_Handler                           0x000003ef   Thumb Code     2  startup_tm4c123.o(.text)
    GPIOR_Handler                            0x000003f1   Thumb Code     2  startup_tm4c123.o(.text)
    GPIOS_Handler                            0x000003f3   Thumb Code     2  startup_tm4c123.o(.text)
    PMW1_0_Handler                           0x000003f5   Thumb Code     2  startup_tm4c123.o(.text)
    PWM1_1_Handler                           0x000003f7   Thumb Code     2  startup_tm4c123.o(.text)
    PWM1_2_Handler                           0x000003f9   Thumb Code     2  startup_tm4c123.o(.text)
    PWM1_3_Handler                           0x000003fb   Thumb Code     2  startup_tm4c123.o(.text)
    PWM1_FAULT_Handler                       0x000003fd   Thumb Code     2  startup_tm4c123.o(.text)
    __user_initial_stackheap                 0x00000401   Thumb Code     0  startup_tm4c123.o(.text)
    __aeabi_memcpy                           0x00000421   Thumb Code     0  rt_memcpy_v6.o(.text)
    __rt_memcpy                              0x00000421   Thumb Code   138  rt_memcpy_v6.o(.text)
    _memcpy_lastbytes                        0x00000487   Thumb Code     0  rt_memcpy_v6.o(.text)
    __use_two_region_memory                  0x000004ab   Thumb Code     2  heapauxi.o(.text)
    __rt_heap_escrow$2region                 0x000004ad   Thumb Code     2  heapauxi.o(.text)
    __rt_heap_expand$2region                 0x000004af   Thumb Code     2  heapauxi.o(.text)
    __aeabi_memcpy4                          0x000004b1   Thumb Code     0  rt_memcpy_w.o(.text)
    __aeabi_memcpy8                          0x000004b1   Thumb Code     0  rt_memcpy_w.o(.text)
    __rt_memcpy_w                            0x000004b1   Thumb Code   100  rt_memcpy_w.o(.text)
    _memcpy_lastbytes_aligned                0x000004f9   Thumb Code     0  rt_memcpy_w.o(.text)
    __user_setup_stackheap                   0x00000515   Thumb Code    74  sys_stackheap_outer.o(.text)
    exit                                     0x0000055f   Thumb Code    18  exit.o(.text)
    __user_libspace                          0x00000571   Thumb Code     8  libspace.o(.text)
    __user_perproc_libspace                  0x00000571   Thumb Code     0  libspace.o(.text)
    __user_perthread_libspace                0x00000571   Thumb Code     0  libspace.o(.text)
    _sys_exit                                0x00000579   Thumb Code     8  sys_exit.o(.text)
    __I$use$semihosting                      0x00000585   Thumb Code     0  use_no_semi.o(.text)
    __use_no_semihosting_swi                 0x00000585   Thumb Code     2  use_no_semi.o(.text)
    __semihosting_library_function           0x00000587   Thumb Code     0  indicate_semi.o(.text)
    Dio_FlipChannel                          0x00000589   Thumb Code   244  dio.o(.text.Dio_FlipChannel)
    LED_Task                                 0x0000067d   Thumb Code    30  main.o(.text.LED_Task)
    PendSV_Handler                           0x000006a1   Thumb Code   100  port.o(.text.PendSV_Handler)
    Port_Init                                0x00000705   Thumb Code   570  port_1.o(.text.Port_Init)
    SVC_Handler                              0x00000941   Thumb Code    36  port.o(.text.SVC_Handler)
    SysTick_Handler                          0x00000965   Thumb Code    46  port.o(.text.SysTick_Handler)
    SystemInit                               0x00000995   Thumb Code   112  system_tm4c123.o(.text.SystemInit)
    initLED                                  0x00000a05   Thumb Code    16  led.o(.text.initLED)
    main                                     0x00000a15   Thumb Code    44  main.o(.text.main)
    pvPortMalloc                             0x00001321   Thumb Code   106  heap_1.o(.text.pvPortMalloc)
    pxPortInitialiseStack                    0x0000138d   Thumb Code    40  port.o(.text.pxPortInitialiseStack)
    toggleLed                                0x000013b5   Thumb Code     8  led.o(.text.toggleLed)
    uxListRemove                             0x000013bd   Thumb Code    36  list.o(.text.uxListRemove)
    vListInitialise                          0x000013e1   Thumb Code    22  list.o(.text.vListInitialise)
    vListInitialiseItem                      0x000013f9   Thumb Code     6  list.o(.text.vListInitialiseItem)
    vListInsert                              0x00001401   Thumb Code    58  list.o(.text.vListInsert)
    vPortEnterCritical                       0x00001451   Thumb Code    70  port.o(.text.vPortEnterCritical)
    vPortExitCritical                        0x00001499   Thumb Code    46  port.o(.text.vPortExitCritical)
    vPortFree                                0x000014c9   Thumb Code    26  heap_1.o(.text.vPortFree)
    vPortSetupTimerInterrupt                 0x000014e5   Thumb Code    52  port.o(.text.vPortSetupTimerInterrupt)
    vQueueWaitForMessageRestricted           0x00001519   Thumb Code    68  queue.o(.text.vQueueWaitForMessageRestricted)
    vTaskInternalSetTimeOutState             0x0000155d   Thumb Code    26  tasks.o(.text.vTaskInternalSetTimeOutState)
    vTaskMissedYield                         0x00001579   Thumb Code    14  tasks.o(.text.vTaskMissedYield)
    vTaskPlaceOnEventList                    0x00001589   Thumb Code    50  tasks.o(.text.vTaskPlaceOnEventList)
    vTaskPlaceOnEventListRestricted          0x000015bd   Thumb Code   110  tasks.o(.text.vTaskPlaceOnEventListRestricted)
    vTaskStartScheduler                      0x0000162d   Thumb Code   148  tasks.o(.text.vTaskStartScheduler)
    vTaskSuspendAll                          0x000016c9   Thumb Code    16  tasks.o(.text.vTaskSuspendAll)
    vTaskSwitchContext                       0x000016d9   Thumb Code   134  tasks.o(.text.vTaskSwitchContext)
    xPortStartScheduler                      0x00001761   Thumb Code   274  port.o(.text.xPortStartScheduler)
    xQueueGenericCreate                      0x00001875   Thumb Code    76  queue.o(.text.xQueueGenericCreate)
    xQueueGenericReset                       0x000018c1   Thumb Code   178  queue.o(.text.xQueueGenericReset)
    xQueueReceive                            0x00001975   Thumb Code   388  queue.o(.text.xQueueReceive)
    xTaskCheckForTimeOut                     0x00001af9   Thumb Code   140  tasks.o(.text.xTaskCheckForTimeOut)
    xTaskCreate                              0x00001b85   Thumb Code    96  tasks.o(.text.xTaskCreate)
    xTaskDelayUntil                          0x00001be5   Thumb Code   190  tasks.o(.text.xTaskDelayUntil)
    xTaskGetSchedulerState                   0x00001ca5   Thumb Code    38  tasks.o(.text.xTaskGetSchedulerState)
    xTaskGetTickCount                        0x00001ccd   Thumb Code    12  tasks.o(.text.xTaskGetTickCount)
    xTaskIncrementTick                       0x00001cd9   Thumb Code   426  tasks.o(.text.xTaskIncrementTick)
    xTaskPriorityDisinherit                  0x00001e85   Thumb Code   194  tasks.o(.text.xTaskPriorityDisinherit)
    xTaskRemoveFromEventList                 0x00001f49   Thumb Code   240  tasks.o(.text.xTaskRemoveFromEventList)
    xTaskResumeAll                           0x00002039   Thumb Code   364  tasks.o(.text.xTaskResumeAll)
    xTimerCreateTimerTask                    0x000021a5   Thumb Code    88  timers.o(.text.xTimerCreateTimerTask)
    _fp_init                                 0x00002205   Thumb Code    26  fpinit.o(x$fpl$fpinit)
    __fplib_config_fpu_vfp                   0x0000221d   Thumb Code     0  fpinit.o(x$fpl$fpinit)
    __fplib_config_pureend_doubles           0x0000221d   Thumb Code     0  fpinit.o(x$fpl$fpinit)
    Port_ConfigType                          0x0000221e   Data         344  port_lcfg.o(.rodata.Port_ConfigType)
    channelList                              0x00002376   Data          10  dio_lcfg.o(.rodata.channelList)
    uxTopUsedPriority                        0x00002380   Data           4  tasks.o(.rodata.uxTopUsedPriority)
    Region$$Table$$Base                      0x00002384   Number         0  anon$$obj.o(Region$$Table)
    Region$$Table$$Limit                     0x000023a4   Number         0  anon$$obj.o(Region$$Table)
    SystemCoreClock                          0x20000000   Data           4  system_tm4c123.o(.data.SystemCoreClock)
    __libspace_start                         0x20000008   Data          96  libspace.o(.bss)
    __temporary_stack_top$libspace           0x20000068   Data           0  libspace.o(.bss)
    pxCurrentTCB                             0x20000070   Data           4  tasks.o(.bss.pxCurrentTCB)



==============================================================================

Memory Map of the image

  Image Entry point : 0x0000030d

  Load Region LR_1 (Base: 0x00000000, Size: 0x000023ac, Max: 0xffffffff, ABSOLUTE)

    Execution Region ER_RO (Exec base: 0x00000000, Load base: 0x00000000, Size: 0x000023a4, Max: 0xffffffff, ABSOLUTE)

    Exec Addr    Load Addr    Size         Type   Attr      Idx    E Section Name        Object

    0x00000000   0x00000000   0x0000026c   Data   RO          451    RESET               startup_tm4c123.o
    0x0000026c   0x0000026c   0x00000008   Code   RO          480  * !!!main             c_w.l(__main.o)
    0x00000274   0x00000274   0x00000034   Code   RO          645    !!!scatter          c_w.l(__scatter.o)
    0x000002a8   0x000002a8   0x0000001a   Code   RO          647    !!handler_copy      c_w.l(__scatter_copy.o)
    0x000002c2   0x000002c2   0x00000002   PAD
    0x000002c4   0x000002c4   0x0000001c   Code   RO          649    !!handler_zi        c_w.l(__scatter_zi.o)
    0x000002e0   0x000002e0   0x00000002   Code   RO          509    .ARM.Collect$$libinit$$00000000  c_w.l(libinit.o)
    0x000002e2   0x000002e2   0x00000004   Code   RO          515    .ARM.Collect$$libinit$$00000001  c_w.l(libinit2.o)
    0x000002e6   0x000002e6   0x00000000   Code   RO          518    .ARM.Collect$$libinit$$00000004  c_w.l(libinit2.o)
    0x000002e6   0x000002e6   0x00000000   Code   RO          521    .ARM.Collect$$libinit$$0000000A  c_w.l(libinit2.o)
    0x000002e6   0x000002e6   0x00000000   Code   RO          523    .ARM.Collect$$libinit$$0000000C  c_w.l(libinit2.o)
    0x000002e6   0x000002e6   0x00000000   Code   RO          525    .ARM.Collect$$libinit$$0000000E  c_w.l(libinit2.o)
    0x000002e6   0x000002e6   0x00000000   Code   RO          528    .ARM.Collect$$libinit$$00000011  c_w.l(libinit2.o)
    0x000002e6   0x000002e6   0x00000000   Code   RO          530    .ARM.Collect$$libinit$$00000013  c_w.l(libinit2.o)
    0x000002e6   0x000002e6   0x00000000   Code   RO          532    .ARM.Collect$$libinit$$00000015  c_w.l(libinit2.o)
    0x000002e6   0x000002e6   0x00000000   Code   RO          534    .ARM.Collect$$libinit$$00000017  c_w.l(libinit2.o)
    0x000002e6   0x000002e6   0x00000000   Code   RO          536    .ARM.Collect$$libinit$$00000019  c_w.l(libinit2.o)
    0x000002e6   0x000002e6   0x00000000   Code   RO          538    .ARM.Collect$$libinit$$0000001B  c_w.l(libinit2.o)
    0x000002e6   0x000002e6   0x00000000   Code   RO          540    .ARM.Collect$$libinit$$0000001D  c_w.l(libinit2.o)
    0x000002e6   0x000002e6   0x00000000   Code   RO          542    .ARM.Collect$$libinit$$0000001F  c_w.l(libinit2.o)
    0x000002e6   0x000002e6   0x00000000   Code   RO          544    .ARM.Collect$$libinit$$00000021  c_w.l(libinit2.o)
    0x000002e6   0x000002e6   0x00000000   Code   RO          546    .ARM.Collect$$libinit$$00000023  c_w.l(libinit2.o)
    0x000002e6   0x000002e6   0x00000000   Code   RO          548    .ARM.Collect$$libinit$$00000025  c_w.l(libinit2.o)
    0x000002e6   0x000002e6   0x00000000   Code   RO          552    .ARM.Collect$$libinit$$0000002C  c_w.l(libinit2.o)
    0x000002e6   0x000002e6   0x00000000   Code   RO          554    .ARM.Collect$$libinit$$0000002E  c_w.l(libinit2.o)
    0x000002e6   0x000002e6   0x00000000   Code   RO          556    .ARM.Collect$$libinit$$00000030  c_w.l(libinit2.o)
    0x000002e6   0x000002e6   0x00000000   Code   RO          558    .ARM.Collect$$libinit$$00000032  c_w.l(libinit2.o)
    0x000002e6   0x000002e6   0x00000002   Code   RO          559    .ARM.Collect$$libinit$$00000033  c_w.l(libinit2.o)
    0x000002e8   0x000002e8   0x00000002   Code   RO          581    .ARM.Collect$$libshutdown$$00000000  c_w.l(libshutdown.o)
    0x000002ea   0x000002ea   0x00000000   Code   RO          596    .ARM.Collect$$libshutdown$$00000002  c_w.l(libshutdown2.o)
    0x000002ea   0x000002ea   0x00000000   Code   RO          598    .ARM.Collect$$libshutdown$$00000004  c_w.l(libshutdown2.o)
    0x000002ea   0x000002ea   0x00000000   Code   RO          601    .ARM.Collect$$libshutdown$$00000007  c_w.l(libshutdown2.o)
    0x000002ea   0x000002ea   0x00000000   Code   RO          604    .ARM.Collect$$libshutdown$$0000000A  c_w.l(libshutdown2.o)
    0x000002ea   0x000002ea   0x00000000   Code   RO          606    .ARM.Collect$$libshutdown$$0000000C  c_w.l(libshutdown2.o)
    0x000002ea   0x000002ea   0x00000000   Code   RO          609    .ARM.Collect$$libshutdown$$0000000F  c_w.l(libshutdown2.o)
    0x000002ea   0x000002ea   0x00000002   Code   RO          610    .ARM.Collect$$libshutdown$$00000010  c_w.l(libshutdown2.o)
    0x000002ec   0x000002ec   0x00000000   Code   RO          482    .ARM.Collect$$rtentry$$00000000  c_w.l(__rtentry.o)
    0x000002ec   0x000002ec   0x00000000   Code   RO          486    .ARM.Collect$$rtentry$$00000002  c_w.l(__rtentry2.o)
    0x000002ec   0x000002ec   0x00000006   Code   RO          498    .ARM.Collect$$rtentry$$00000004  c_w.l(__rtentry4.o)
    0x000002f2   0x000002f2   0x00000000   Code   RO          488    .ARM.Collect$$rtentry$$00000009  c_w.l(__rtentry2.o)
    0x000002f2   0x000002f2   0x00000004   Code   RO          489    .ARM.Collect$$rtentry$$0000000A  c_w.l(__rtentry2.o)
    0x000002f6   0x000002f6   0x00000000   Code   RO          491    .ARM.Collect$$rtentry$$0000000C  c_w.l(__rtentry2.o)
    0x000002f6   0x000002f6   0x00000008   Code   RO          492    .ARM.Collect$$rtentry$$0000000D  c_w.l(__rtentry2.o)
    0x000002fe   0x000002fe   0x00000002   Code   RO          513    .ARM.Collect$$rtexit$$00000000  c_w.l(rtexit.o)
    0x00000300   0x00000300   0x00000000   Code   RO          561    .ARM.Collect$$rtexit$$00000002  c_w.l(rtexit2.o)
    0x00000300   0x00000300   0x00000004   Code   RO          562    .ARM.Collect$$rtexit$$00000003  c_w.l(rtexit2.o)
    0x00000304   0x00000304   0x00000006   Code   RO          563    .ARM.Collect$$rtexit$$00000004  c_w.l(rtexit2.o)
    0x0000030a   0x0000030a   0x00000002   PAD
    0x0000030c   0x0000030c   0x00000114   Code   RO          452  * .text               startup_tm4c123.o
    0x00000420   0x00000420   0x0000008a   Code   RO          476    .text               c_w.l(rt_memcpy_v6.o)
    0x000004aa   0x000004aa   0x00000006   Code   RO          478    .text               c_w.l(heapauxi.o)
    0x000004b0   0x000004b0   0x00000064   Code   RO          483    .text               c_w.l(rt_memcpy_w.o)
    0x00000514   0x00000514   0x0000004a   Code   RO          500    .text               c_w.l(sys_stackheap_outer.o)
    0x0000055e   0x0000055e   0x00000012   Code   RO          502    .text               c_w.l(exit.o)
    0x00000570   0x00000570   0x00000008   Code   RO          510    .text               c_w.l(libspace.o)
    0x00000578   0x00000578   0x0000000c   Code   RO          571    .text               c_w.l(sys_exit.o)
    0x00000584   0x00000584   0x00000002   Code   RO          586    .text               c_w.l(use_no_semi.o)
    0x00000586   0x00000586   0x00000000   Code   RO          588    .text               c_w.l(indicate_semi.o)
    0x00000586   0x00000586   0x00000002   PAD
    0x00000588   0x00000588   0x000000f4   Code   RO          399    .text.Dio_FlipChannel  dio.o
    0x0000067c   0x0000067c   0x0000001e   Code   RO            2    .text.LED_Task      main.o
    0x0000069a   0x0000069a   0x00000006   PAD
    0x000006a0   0x000006a0   0x00000064   Code   RO          378    .text.PendSV_Handler  port.o
    0x00000704   0x00000704   0x0000023a   Code   RO          413    .text.Port_Init     port_1.o
    0x0000093e   0x0000093e   0x00000002   PAD
    0x00000940   0x00000940   0x00000024   Code   RO          362    .text.SVC_Handler   port.o
    0x00000964   0x00000964   0x0000002e   Code   RO          380    .text.SysTick_Handler  port.o
    0x00000992   0x00000992   0x00000002   PAD
    0x00000994   0x00000994   0x00000070   Code   RO          463    .text.SystemInit    system_tm4c123.o
    0x00000a04   0x00000a04   0x00000010   Code   RO          434    .text.initLED       led.o
    0x00000a14   0x00000a14   0x00000038   Code   RO            4    .text.main          main.o
    0x00000a4c   0x00000a4c   0x000000be   Code   RO          156    .text.prvAddCurrentTaskToDelayedList  tasks.o
    0x00000b0a   0x00000b0a   0x00000002   PAD
    0x00000b0c   0x00000b0c   0x000000cc   Code   RO          144    .text.prvAddNewTaskToReadyList  tasks.o
    0x00000bd8   0x00000bd8   0x0000005a   Code   RO          280    .text.prvCheckForValidListAndQueue  timers.o
    0x00000c32   0x00000c32   0x00000002   PAD
    0x00000c34   0x00000c34   0x0000004e   Code   RO          246    .text.prvCheckTasksWaitingTermination  tasks.o
    0x00000c82   0x00000c82   0x00000002   PAD
    0x00000c84   0x00000c84   0x00000026   Code   RO           96    .text.prvCopyDataFromQueue  queue.o
    0x00000caa   0x00000caa   0x00000002   PAD
    0x00000cac   0x00000cac   0x0000007a   Code   RO           82    .text.prvCopyDataToQueue  queue.o
    0x00000d26   0x00000d26   0x00000002   PAD
    0x00000d28   0x00000d28   0x00000012   Code   RO          150    .text.prvDeleteTCB  tasks.o
    0x00000d3a   0x00000d3a   0x00000002   PAD
    0x00000d3c   0x00000d3c   0x00000020   Code   RO          308    .text.prvGetNextExpireTime  timers.o
    0x00000d5c   0x00000d5c   0x0000002a   Code   RO          182    .text.prvIdleTask   tasks.o
    0x00000d86   0x00000d86   0x00000002   PAD
    0x00000d88   0x00000d88   0x0000001e   Code   RO           66    .text.prvInitialiseNewQueue  queue.o
    0x00000da6   0x00000da6   0x00000002   PAD
    0x00000da8   0x00000da8   0x0000009e   Code   RO          142    .text.prvInitialiseNewTask  tasks.o
    0x00000e46   0x00000e46   0x00000002   PAD
    0x00000e48   0x00000e48   0x0000006e   Code   RO          244    .text.prvInitialiseTaskLists  tasks.o
    0x00000eb6   0x00000eb6   0x00000002   PAD
    0x00000eb8   0x00000eb8   0x00000040   Code   RO          322    .text.prvInsertTimerInActiveList  timers.o
    0x00000ef8   0x00000ef8   0x00000018   Code   RO           98    .text.prvIsQueueEmpty  queue.o
    0x00000f10   0x00000f10   0x0000008e   Code   RO           84    .text.prvNotifyQueueSetContainer  queue.o
    0x00000f9e   0x00000f9e   0x00000002   PAD
    0x00000fa0   0x00000fa0   0x00000028   Code   RO          370    .text.prvPortStartFirstTask  port.o
    0x00000fc8   0x00000fc8   0x0000003e   Code   RO          316    .text.prvProcessExpiredTimer  timers.o
    0x00001006   0x00001006   0x00000002   PAD
    0x00001008   0x00001008   0x000000fe   Code   RO          312    .text.prvProcessReceivedCommands  timers.o
    0x00001106   0x00001106   0x00000002   PAD
    0x00001108   0x00001108   0x00000080   Code   RO          310    .text.prvProcessTimerOrBlockTask  timers.o
    0x00001188   0x00001188   0x0000003a   Code   RO          320    .text.prvReloadTimer  timers.o
    0x000011c2   0x000011c2   0x00000002   PAD
    0x000011c4   0x000011c4   0x00000026   Code   RO          148    .text.prvResetNextTaskUnblockTime  tasks.o
    0x000011ea   0x000011ea   0x00000002   PAD
    0x000011ec   0x000011ec   0x0000002a   Code   RO          314    .text.prvSampleTimeNow  timers.o
    0x00001216   0x00001216   0x00000002   PAD
    0x00001218   0x00001218   0x00000034   Code   RO          318    .text.prvSwitchTimerLists  timers.o
    0x0000124c   0x0000124c   0x00000032   Code   RO          360    .text.prvTaskExitError  port.o
    0x0000127e   0x0000127e   0x00000002   PAD
    0x00001280   0x00001280   0x00000016   Code   RO          282    .text.prvTimerTask  timers.o
    0x00001296   0x00001296   0x00000002   PAD
    0x00001298   0x00001298   0x00000086   Code   RO           88    .text.prvUnlockQueue  queue.o
    0x0000131e   0x0000131e   0x00000002   PAD
    0x00001320   0x00001320   0x0000006a   Code   RO          339    .text.pvPortMalloc  heap_1.o
    0x0000138a   0x0000138a   0x00000002   PAD
    0x0000138c   0x0000138c   0x00000028   Code   RO          358    .text.pxPortInitialiseStack  port.o
    0x000013b4   0x000013b4   0x00000008   Code   RO          440    .text.toggleLed     led.o
    0x000013bc   0x000013bc   0x00000024   Code   RO           52    .text.uxListRemove  list.o
    0x000013e0   0x000013e0   0x00000016   Code   RO           44    .text.vListInitialise  list.o
    0x000013f6   0x000013f6   0x00000002   PAD
    0x000013f8   0x000013f8   0x00000006   Code   RO           46    .text.vListInitialiseItem  list.o
    0x000013fe   0x000013fe   0x00000002   PAD
    0x00001400   0x00001400   0x0000003a   Code   RO           50    .text.vListInsert   list.o
    0x0000143a   0x0000143a   0x00000002   PAD
    0x0000143c   0x0000143c   0x00000014   Code   RO          368    .text.vPortEnableVFP  port.o
    0x00001450   0x00001450   0x00000046   Code   RO          374    .text.vPortEnterCritical  port.o
    0x00001496   0x00001496   0x00000002   PAD
    0x00001498   0x00001498   0x0000002e   Code   RO          376    .text.vPortExitCritical  port.o
    0x000014c6   0x000014c6   0x00000002   PAD
    0x000014c8   0x000014c8   0x0000001a   Code   RO          341    .text.vPortFree     heap_1.o
    0x000014e2   0x000014e2   0x00000002   PAD
    0x000014e4   0x000014e4   0x00000034   Code   RO          366    .text.vPortSetupTimerInterrupt  port.o
    0x00001518   0x00001518   0x00000044   Code   RO          120    .text.vQueueWaitForMessageRestricted  queue.o
    0x0000155c   0x0000155c   0x0000001a   Code   RO          210    .text.vTaskInternalSetTimeOutState  tasks.o
    0x00001576   0x00001576   0x00000002   PAD
    0x00001578   0x00001578   0x0000000e   Code   RO          214    .text.vTaskMissedYield  tasks.o
    0x00001586   0x00001586   0x00000002   PAD
    0x00001588   0x00001588   0x00000032   Code   RO          198    .text.vTaskPlaceOnEventList  tasks.o
    0x000015ba   0x000015ba   0x00000002   PAD
    0x000015bc   0x000015bc   0x0000006e   Code   RO          202    .text.vTaskPlaceOnEventListRestricted  tasks.o
    0x0000162a   0x0000162a   0x00000002   PAD
    0x0000162c   0x0000162c   0x0000009c   Code   RO          180    .text.vTaskStartScheduler  tasks.o
    0x000016c8   0x000016c8   0x00000010   Code   RO          154    .text.vTaskSuspendAll  tasks.o
    0x000016d8   0x000016d8   0x00000086   Code   RO          172    .text.vTaskSwitchContext  tasks.o
    0x0000175e   0x0000175e   0x00000002   PAD
    0x00001760   0x00001760   0x00000112   Code   RO          364    .text.xPortStartScheduler  port.o
    0x00001872   0x00001872   0x00000002   PAD
    0x00001874   0x00001874   0x0000004c   Code   RO           64    .text.xQueueGenericCreate  queue.o
    0x000018c0   0x000018c0   0x000000b2   Code   RO           62    .text.xQueueGenericReset  queue.o
    0x00001972   0x00001972   0x00000002   PAD
    0x00001974   0x00001974   0x00000184   Code   RO           94    .text.xQueueReceive  queue.o
    0x00001af8   0x00001af8   0x0000008c   Code   RO          212    .text.xTaskCheckForTimeOut  tasks.o
    0x00001b84   0x00001b84   0x00000060   Code   RO          140    .text.xTaskCreate   tasks.o
    0x00001be4   0x00001be4   0x000000be   Code   RO          152    .text.xTaskDelayUntil  tasks.o
    0x00001ca2   0x00001ca2   0x00000002   PAD
    0x00001ca4   0x00001ca4   0x00000026   Code   RO          218    .text.xTaskGetSchedulerState  tasks.o
    0x00001cca   0x00001cca   0x00000002   PAD
    0x00001ccc   0x00001ccc   0x0000000c   Code   RO          188    .text.xTaskGetTickCount  tasks.o
    0x00001cd8   0x00001cd8   0x000001aa   Code   RO          186    .text.xTaskIncrementTick  tasks.o
    0x00001e82   0x00001e82   0x00000002   PAD
    0x00001e84   0x00001e84   0x000000c2   Code   RO          222    .text.xTaskPriorityDisinherit  tasks.o
    0x00001f46   0x00001f46   0x00000002   PAD
    0x00001f48   0x00001f48   0x000000f0   Code   RO          204    .text.xTaskRemoveFromEventList  tasks.o
    0x00002038   0x00002038   0x0000016c   Code   RO          158    .text.xTaskResumeAll  tasks.o
    0x000021a4   0x000021a4   0x00000060   Code   RO          278    .text.xTimerCreateTimerTask  timers.o
    0x00002204   0x00002204   0x0000001a   Code   RO          569    x$fpl$fpinit        fz_wm.l(fpinit.o)
    0x0000221e   0x0000221e   0x00000158   Data   RO          428    .rodata.Port_ConfigType  port_lcfg.o
    0x00002376   0x00002376   0x0000000a   Data   RO          422    .rodata.channelList  dio_lcfg.o
    0x00002380   0x00002380   0x00000004   Data   RO          249    .rodata.uxTopUsedPriority  tasks.o
    0x00002384   0x00002384   0x00000020   Data   RO          644    Region$$Table       anon$$obj.o


    Execution Region ER_RW (Exec base: 0x20000000, Load base: 0x000023a4, Size: 0x00000008, Max: 0xffffffff, ABSOLUTE)

    Exec Addr    Load Addr    Size         Type   Attr      Idx    E Section Name        Object

    0x20000000   0x000023a4   0x00000004   Data   RW          465    .data.SystemCoreClock  system_tm4c123.o
    0x20000004   0x000023a8   0x00000004   Data   RW          386    .data.uxCriticalNesting  port.o


    Execution Region ER_ZI (Exec base: 0x20000008, Load base: 0x000023ac, Size: 0x000013b0, Max: 0xffffffff, ABSOLUTE)

    Exec Addr    Load Addr    Size         Type   Attr      Idx    E Section Name        Object

    0x20000008        -       0x00000060   Zero   RW          511    .bss                c_w.l(libspace.o)
    0x20000068        -       0x00000004   Zero   RW          328    .bss.prvSampleTimeNow.xLastTime  timers.o
    0x2000006c        -       0x00000004   Zero   RW          347    .bss.pvPortMalloc.pucAlignedHeap  heap_1.o
    0x20000070        -       0x00000004   Zero   RW          248    .bss.pxCurrentTCB   tasks.o
    0x20000074        -       0x00000004   Zero   RW          326    .bss.pxCurrentTimerList  timers.o
    0x20000078        -       0x00000004   Zero   RW          259    .bss.pxDelayedTaskList  tasks.o
    0x2000007c        -       0x00000004   Zero   RW          260    .bss.pxOverflowDelayedTaskList  tasks.o
    0x20000080        -       0x00000004   Zero   RW          327    .bss.pxOverflowTimerList  timers.o
    0x20000084        -       0x00000064   Zero   RW          250    .bss.pxReadyTasksLists  tasks.o
    0x200000e8        -       0x00001000   Zero   RW          348    .bss.ucHeap         heap_1.o
    0x200010e8        -       0x00000001   Zero   RW          384    .bss.ucMaxSysCallPriority  port.o
    0x200010e9   0x000023ac   0x00000003   PAD
    0x200010ec        -       0x00000004   Zero   RW          385    .bss.ulMaxPRIGROUPValue  port.o
    0x200010f0        -       0x00000004   Zero   RW          255    .bss.uxCurrentNumberOfTasks  tasks.o
    0x200010f4        -       0x00000004   Zero   RW          254    .bss.uxDeletedTasksWaitingCleanUp  tasks.o
    0x200010f8        -       0x00000004   Zero   RW          257    .bss.uxSchedulerSuspended  tasks.o
    0x200010fc        -       0x00000004   Zero   RW          252    .bss.uxTaskNumber   tasks.o
    0x20001100        -       0x00000004   Zero   RW          251    .bss.uxTopReadyPriority  tasks.o
    0x20001104        -       0x00000014   Zero   RW          329    .bss.xActiveTimerList1  timers.o
    0x20001118        -       0x00000014   Zero   RW          330    .bss.xActiveTimerList2  timers.o
    0x2000112c        -       0x00000014   Zero   RW          268    .bss.xDelayedTaskList1  tasks.o
    0x20001140        -       0x00000014   Zero   RW          269    .bss.xDelayedTaskList2  tasks.o
    0x20001154        -       0x00000004   Zero   RW          264    .bss.xIdleTaskHandle  tasks.o
    0x20001158        -       0x00000004   Zero   RW          349    .bss.xNextFreeByte  heap_1.o
    0x2000115c        -       0x00000004   Zero   RW          265    .bss.xNextTaskUnblockTime  tasks.o
    0x20001160        -       0x00000004   Zero   RW          267    .bss.xNumOfOverflows  tasks.o
    0x20001164        -       0x00000004   Zero   RW          266    .bss.xPendedTicks   tasks.o
    0x20001168        -       0x00000014   Zero   RW          263    .bss.xPendingReadyList  tasks.o
    0x2000117c        -       0x00000004   Zero   RW          256    .bss.xSchedulerRunning  tasks.o
    0x20001180        -       0x00000014   Zero   RW          261    .bss.xSuspendedTaskList  tasks.o
    0x20001194        -       0x00000014   Zero   RW          253    .bss.xTasksWaitingTermination  tasks.o
    0x200011a8        -       0x00000004   Zero   RW          258    .bss.xTickCount     tasks.o
    0x200011ac        -       0x00000004   Zero   RW          324    .bss.xTimerQueue    timers.o
    0x200011b0        -       0x00000004   Zero   RW          325    .bss.xTimerTaskHandle  timers.o
    0x200011b4        -       0x00000004   Zero   RW          262    .bss.xYieldPending  tasks.o
    0x200011b8        -       0x00000000   Zero   RW          450    HEAP                startup_tm4c123.o
    0x200011b8        -       0x00000200   Zero   RW          449    STACK               startup_tm4c123.o


==============================================================================

Image component sizes


      Code (inc. data)   RO Data    RW Data    ZI Data      Debug   Object Name

       244          6          0          0          0       2562   dio.o
         0          0         10          0          0        881   dio_lcfg.o
       132          0          0          0       4104       1702   heap_1.o
        24          0          0          0          0       1611   led.o
       122          0          0          0          0       2157   list.o
        86         12          0          0          0       1115   main.o
       774         16          0          4          5       3938   port.o
       570         10          0          0          0       2465   port_1.o
         0          0        344          0          0       1498   port_lcfg.o
      1200          0          0          0          0      21458   queue.o
       276         24        620          0        512       5440   startup_tm4c123.o
       112          0          0          4          0       6490   system_tm4c123.o
      3044          8          4          0        260      28002   tasks.o
       900         18          0          0         60      10625   timers.o

    ----------------------------------------------------------------------
      7568         94       1010          8       4944      89944   Object Totals
         0          0         32          0          0          0   (incl. Generated)
        84          0          0          0          3          0   (incl. Padding)

    ----------------------------------------------------------------------

      Code (inc. data)   RO Data    RW Data    ZI Data      Debug   Library Member Name

         8          0          0          0          0         68   __main.o
         0          0          0          0          0          0   __rtentry.o
        12          0          0          0          0          0   __rtentry2.o
         6          0          0          0          0          0   __rtentry4.o
        52          8          0          0          0          0   __scatter.o
        26          0          0          0          0          0   __scatter_copy.o
        28          0          0          0          0          0   __scatter_zi.o
        18          0          0          0          0         80   exit.o
         6          0          0          0          0        152   heapauxi.o
         0          0          0          0          0          0   indicate_semi.o
         2          0          0          0          0          0   libinit.o
         6          0          0          0          0          0   libinit2.o
         2          0          0          0          0          0   libshutdown.o
         2          0          0          0          0          0   libshutdown2.o
         8          4          0          0         96         68   libspace.o
       138          0          0          0          0         68   rt_memcpy_v6.o
       100          0          0          0          0         80   rt_memcpy_w.o
         2          0          0          0          0          0   rtexit.o
        10          0          0          0          0          0   rtexit2.o
        12          4          0          0          0         68   sys_exit.o
        74          0          0          0          0         80   sys_stackheap_outer.o
         2          0          0          0          0         68   use_no_semi.o
        26          0          0          0          0        116   fpinit.o

    ----------------------------------------------------------------------
       546         16          0          0         96        848   Library Totals
         6          0          0          0          0          0   (incl. Padding)

    ----------------------------------------------------------------------

      Code (inc. data)   RO Data    RW Data    ZI Data      Debug   Library Name

       514         16          0          0         96        732   c_w.l
        26          0          0          0          0        116   fz_wm.l

    ----------------------------------------------------------------------
       546         16          0          0         96        848   Library Totals

    ----------------------------------------------------------------------

==============================================================================


      Code (inc. data)   RO Data    RW Data    ZI Data      Debug   

      8114        110       1010          8       5040      90332   Grand Totals
      8114        110       1010          8       5040      90332   ELF Image Totals
      8114        110       1010          8          0          0   ROM Totals

==============================================================================

    Total RO  Size (Code + RO Data)                 9124 (   8.91kB)
    Total RW  Size (RW Data + ZI Data)              5048 (   4.93kB)
    Total ROM Size (Code + RO Data + RW Data)       9132 (   8.92kB)

==============================================================================

